// Jest Snapshot v1, https://goo.gl/fbAQLP

exports[`UMA Requests Component Requests page loaded 1`] = `
<div>
  <div id="listView">
    <bcard-stub bodytag="div" title="" titletag="h4" subtitle="" subtitletag="h6" subtitletextvariant="muted" headertag="div" footertag="div" tag="div" nobody="true" class="mt-4">
      <blistgroup-stub tag="div" flush="true">
        <blistgroupitem-stub tag="div" target="_self" event="click" routertag="a">
          <div class="d-sm-flex">
            <div class="media-body align-self-center mb-2 mb-sm-0">
              <div class="mb-2"><small><strong>phil</strong> requested access to:</small></div>
              <div class="media mb-1">
                <div class="d-flex mr-2 align-self-center">
                  <!---->
                </div>
                <div class="media-body align-self-center">
                  <div class="media-body align-self-center">
                    Ultrasound
                  </div>
                </div>
              </div> <small class="text-muted">
                7:45
              </small>
            </div>
            <div class="d-flex justify-content-start ml-sm-3 align-self-center"><a href="#" class="pr-3">
                Allow
              </a> <a href="#" class="px-2">
                Deny
              </a></div>
            <!---->
          </div>
        </blistgroupitem-stub>
        <blistgroupitem-stub tag="div" target="_self" event="click" routertag="a">
          <div class="d-sm-flex">
            <div class="media-body align-self-center mb-2 mb-sm-0">
              <div class="mb-2"><small><strong>steve</strong> requested access to:</small></div>
              <div class="media mb-1">
                <div class="d-flex mr-2 align-self-center">
                  <!---->
                </div>
                <div class="media-body align-self-center">
                  <div class="media-body align-self-center">
                    Ultrasound
                  </div>
                </div>
              </div> <small class="text-muted">
                7:45
              </small>
            </div>
            <div class="d-flex justify-content-start ml-sm-3 align-self-center"><a href="#" class="pr-3">
                Allow
              </a> <a href="#" class="px-2">
                Deny
              </a></div>
            <!---->
          </div>
        </blistgroupitem-stub>
      </blistgroup-stub>
    </bcard-stub>
  </div>
</div>
`;
