// Jest Snapshot v1, https://goo.gl/fbAQLP

exports[`TimezoneOffset Component display value is user friendly string: console-warn-snapshot 1`] = `
[
  [
    "[Vue warn]: (deprecation RENDER_FUNCTION) Vue 3's render function API has changed. You can opt-in to the new API with:

  configureCompat({ RENDER_FUNCTION: false })

  (This can also be done per-component via the "compatConfig" option.)
  Details: https://v3-migration.vuejs.org/breaking-changes/render-function-api.html",
    "
",
    " at <VTUROOT>",
  ],
  [
    "[Vue warn]: (deprecation GLOBAL_EXTEND) (2)",
    "
",
    " at <TimezoneOffset",
    "ref="VTU_COMPONENT"",
    ">",
    "
",
    " at <VTUROOT>",
  ],
  [
    "[Vue warn]: (deprecation COMPONENT_V_MODEL) v-model usage on component has changed in Vue 3. Component that expects to work with v-model should now use the "modelValue" prop and emit the "update:modelValue" event. You can update the usage and then opt-in to Vue 3 behavior on a per-component basis with \`compatConfig: { COMPONENT_V_MODEL: false }\`.
  Details: https://v3-migration.vuejs.org/breaking-changes/v-model.html",
    "
",
    " at <BFormInput",
    "modelValue=0",
    "onUpdate:modelValue=fn",
    "type="range"",
    " ...",
    ">",
  ],
  [
    "[Vue warn]: (deprecation ATTR_FALSE_VALUE) Attribute "autofocus" with v-bind value \`false\` will render autofocus="false" instead of removing it in Vue 3. To remove the attribute, use \`null\` or \`undefined\` instead. If the usage is intended, you can disable the compat behavior and suppress this warning with:

  configureCompat({ ATTR_FALSE_VALUE: false })

  Details: https://v3-migration.vuejs.org/breaking-changes/attribute-coercion.html",
    "
",
    " at <BFormInput",
    "type="range"",
    "min="-12"",
    "max="14"",
    " ...",
    ">",
    "
",
    " at <BDropdown",
    "class="timezone-dropdown w-100"",
    "menu-class="shadow-lg"",
    "no-caret=""",
    " ...",
    ">",
    "
",
    " at <TimezoneOffset",
    "ref="VTU_COMPONENT"",
    ">",
    "
",
    " at <VTUROOT>",
  ],
  [
    "[Vue warn]: (deprecation ATTR_FALSE_VALUE) Attribute "disabled" with v-bind value \`false\` will render disabled="false" instead of removing it in Vue 3. To remove the attribute, use \`null\` or \`undefined\` instead. If the usage is intended, you can disable the compat behavior and suppress this warning with:

  configureCompat({ ATTR_FALSE_VALUE: false })

  Details: https://v3-migration.vuejs.org/breaking-changes/attribute-coercion.html",
    "
",
    " at <BFormInput",
    "type="range"",
    "min="-12"",
    "max="14"",
    " ...",
    ">",
    "
",
    " at <BDropdown",
    "class="timezone-dropdown w-100"",
    "menu-class="shadow-lg"",
    "no-caret=""",
    " ...",
    ">",
    "
",
    " at <TimezoneOffset",
    "ref="VTU_COMPONENT"",
    ">",
    "
",
    " at <VTUROOT>",
  ],
  [
    "[Vue warn]: (deprecation ATTR_FALSE_VALUE) Attribute "required" with v-bind value \`false\` will render required="false" instead of removing it in Vue 3. To remove the attribute, use \`null\` or \`undefined\` instead. If the usage is intended, you can disable the compat behavior and suppress this warning with:

  configureCompat({ ATTR_FALSE_VALUE: false })

  Details: https://v3-migration.vuejs.org/breaking-changes/attribute-coercion.html",
    "
",
    " at <BFormInput",
    "type="range"",
    "min="-12"",
    "max="14"",
    " ...",
    ">",
    "
",
    " at <BDropdown",
    "class="timezone-dropdown w-100"",
    "menu-class="shadow-lg"",
    "no-caret=""",
    " ...",
    ">",
    "
",
    " at <TimezoneOffset",
    "ref="VTU_COMPONENT"",
    ">",
    "
",
    " at <VTUROOT>",
  ],
  [
    "[Vue warn]: (deprecation ATTR_FALSE_VALUE) Attribute "ariaInvalid" with v-bind value \`false\` will render ariaInvalid="false" instead of removing it in Vue 3. To remove the attribute, use \`null\` or \`undefined\` instead. If the usage is intended, you can disable the compat behavior and suppress this warning with:

  configureCompat({ ATTR_FALSE_VALUE: false })

  Details: https://v3-migration.vuejs.org/breaking-changes/attribute-coercion.html",
    "
",
    " at <BFormInput",
    "type="range"",
    "min="-12"",
    "max="14"",
    " ...",
    ">",
    "
",
    " at <BDropdown",
    "class="timezone-dropdown w-100"",
    "menu-class="shadow-lg"",
    "no-caret=""",
    " ...",
    ">",
    "
",
    " at <TimezoneOffset",
    "ref="VTU_COMPONENT"",
    ">",
    "
",
    " at <VTUROOT>",
  ],
  [
    "[Vue warn]: (deprecation ATTR_FALSE_VALUE) Attribute "lazy" with v-bind value \`false\` will render lazy="false" instead of removing it in Vue 3. To remove the attribute, use \`null\` or \`undefined\` instead. If the usage is intended, you can disable the compat behavior and suppress this warning with:

  configureCompat({ ATTR_FALSE_VALUE: false })

  Details: https://v3-migration.vuejs.org/breaking-changes/attribute-coercion.html",
    "
",
    " at <BFormInput",
    "type="range"",
    "min="-12"",
    "max="14"",
    " ...",
    ">",
    "
",
    " at <BDropdown",
    "class="timezone-dropdown w-100"",
    "menu-class="shadow-lg"",
    "no-caret=""",
    " ...",
    ">",
    "
",
    " at <TimezoneOffset",
    "ref="VTU_COMPONENT"",
    ">",
    "
",
    " at <VTUROOT>",
  ],
  [
    "[Vue warn]: (deprecation ATTR_FALSE_VALUE) Attribute "lazyFormatter" with v-bind value \`false\` will render lazyFormatter="false" instead of removing it in Vue 3. To remove the attribute, use \`null\` or \`undefined\` instead. If the usage is intended, you can disable the compat behavior and suppress this warning with:

  configureCompat({ ATTR_FALSE_VALUE: false })

  Details: https://v3-migration.vuejs.org/breaking-changes/attribute-coercion.html",
    "
",
    " at <BFormInput",
    "type="range"",
    "min="-12"",
    "max="14"",
    " ...",
    ">",
    "
",
    " at <BDropdown",
    "class="timezone-dropdown w-100"",
    "menu-class="shadow-lg"",
    "no-caret=""",
    " ...",
    ">",
    "
",
    " at <TimezoneOffset",
    "ref="VTU_COMPONENT"",
    ">",
    "
",
    " at <VTUROOT>",
  ],
  [
    "[Vue warn]: (deprecation ATTR_FALSE_VALUE) Attribute "number" with v-bind value \`false\` will render number="false" instead of removing it in Vue 3. To remove the attribute, use \`null\` or \`undefined\` instead. If the usage is intended, you can disable the compat behavior and suppress this warning with:

  configureCompat({ ATTR_FALSE_VALUE: false })

  Details: https://v3-migration.vuejs.org/breaking-changes/attribute-coercion.html",
    "
",
    " at <BFormInput",
    "type="range"",
    "min="-12"",
    "max="14"",
    " ...",
    ">",
    "
",
    " at <BDropdown",
    "class="timezone-dropdown w-100"",
    "menu-class="shadow-lg"",
    "no-caret=""",
    " ...",
    ">",
    "
",
    " at <TimezoneOffset",
    "ref="VTU_COMPONENT"",
    ">",
    "
",
    " at <VTUROOT>",
  ],
  [
    "[Vue warn]: (deprecation ATTR_FALSE_VALUE) Attribute "plaintext" with v-bind value \`false\` will render plaintext="false" instead of removing it in Vue 3. To remove the attribute, use \`null\` or \`undefined\` instead. If the usage is intended, you can disable the compat behavior and suppress this warning with:

  configureCompat({ ATTR_FALSE_VALUE: false })

  Details: https://v3-migration.vuejs.org/breaking-changes/attribute-coercion.html",
    "
",
    " at <BFormInput",
    "type="range"",
    "min="-12"",
    "max="14"",
    " ...",
    ">",
    "
",
    " at <BDropdown",
    "class="timezone-dropdown w-100"",
    "menu-class="shadow-lg"",
    "no-caret=""",
    " ...",
    ">",
    "
",
    " at <TimezoneOffset",
    "ref="VTU_COMPONENT"",
    ">",
    "
",
    " at <VTUROOT>",
  ],
  [
    "[Vue warn]: (deprecation ATTR_FALSE_VALUE) Attribute "trim" with v-bind value \`false\` will render trim="false" instead of removing it in Vue 3. To remove the attribute, use \`null\` or \`undefined\` instead. If the usage is intended, you can disable the compat behavior and suppress this warning with:

  configureCompat({ ATTR_FALSE_VALUE: false })

  Details: https://v3-migration.vuejs.org/breaking-changes/attribute-coercion.html",
    "
",
    " at <BFormInput",
    "type="range"",
    "min="-12"",
    "max="14"",
    " ...",
    ">",
    "
",
    " at <BDropdown",
    "class="timezone-dropdown w-100"",
    "menu-class="shadow-lg"",
    "no-caret=""",
    " ...",
    ">",
    "
",
    " at <TimezoneOffset",
    "ref="VTU_COMPONENT"",
    ">",
    "
",
    " at <VTUROOT>",
  ],
  [
    "[Vue warn]: (deprecation ATTR_FALSE_VALUE) Attribute "noWheel" with v-bind value \`false\` will render noWheel="false" instead of removing it in Vue 3. To remove the attribute, use \`null\` or \`undefined\` instead. If the usage is intended, you can disable the compat behavior and suppress this warning with:

  configureCompat({ ATTR_FALSE_VALUE: false })

  Details: https://v3-migration.vuejs.org/breaking-changes/attribute-coercion.html",
    "
",
    " at <BFormInput",
    "type="range"",
    "min="-12"",
    "max="14"",
    " ...",
    ">",
    "
",
    " at <BDropdown",
    "class="timezone-dropdown w-100"",
    "menu-class="shadow-lg"",
    "no-caret=""",
    " ...",
    ">",
    "
",
    " at <TimezoneOffset",
    "ref="VTU_COMPONENT"",
    ">",
    "
",
    " at <VTUROOT>",
  ],
  [
    "[Vue warn]: (deprecation ATTR_FALSE_VALUE) (2)",
    "
",
    " at <BDropdown",
    "class="timezone-dropdown w-100"",
    "menu-class="shadow-lg"",
    "no-caret=""",
    " ...",
    ">",
    "
",
    " at <TimezoneOffset",
    "ref="VTU_COMPONENT"",
    ">",
    "
",
    " at <VTUROOT>",
  ],
  [
    "[Vue warn]: (deprecation ATTR_FALSE_VALUE) Attribute "dropleft" with v-bind value \`false\` will render dropleft="false" instead of removing it in Vue 3. To remove the attribute, use \`null\` or \`undefined\` instead. If the usage is intended, you can disable the compat behavior and suppress this warning with:

  configureCompat({ ATTR_FALSE_VALUE: false })

  Details: https://v3-migration.vuejs.org/breaking-changes/attribute-coercion.html",
    "
",
    " at <BDropdown",
    "class="timezone-dropdown w-100"",
    "menu-class="shadow-lg"",
    "no-caret=""",
    " ...",
    ">",
    "
",
    " at <TimezoneOffset",
    "ref="VTU_COMPONENT"",
    ">",
    "
",
    " at <VTUROOT>",
  ],
  [
    "[Vue warn]: (deprecation ATTR_FALSE_VALUE) Attribute "dropright" with v-bind value \`false\` will render dropright="false" instead of removing it in Vue 3. To remove the attribute, use \`null\` or \`undefined\` instead. If the usage is intended, you can disable the compat behavior and suppress this warning with:

  configureCompat({ ATTR_FALSE_VALUE: false })

  Details: https://v3-migration.vuejs.org/breaking-changes/attribute-coercion.html",
    "
",
    " at <BDropdown",
    "class="timezone-dropdown w-100"",
    "menu-class="shadow-lg"",
    "no-caret=""",
    " ...",
    ">",
    "
",
    " at <TimezoneOffset",
    "ref="VTU_COMPONENT"",
    ">",
    "
",
    " at <VTUROOT>",
  ],
  [
    "[Vue warn]: (deprecation ATTR_FALSE_VALUE) Attribute "dropup" with v-bind value \`false\` will render dropup="false" instead of removing it in Vue 3. To remove the attribute, use \`null\` or \`undefined\` instead. If the usage is intended, you can disable the compat behavior and suppress this warning with:

  configureCompat({ ATTR_FALSE_VALUE: false })

  Details: https://v3-migration.vuejs.org/breaking-changes/attribute-coercion.html",
    "
",
    " at <BDropdown",
    "class="timezone-dropdown w-100"",
    "menu-class="shadow-lg"",
    "no-caret=""",
    " ...",
    ">",
    "
",
    " at <TimezoneOffset",
    "ref="VTU_COMPONENT"",
    ">",
    "
",
    " at <VTUROOT>",
  ],
  [
    "[Vue warn]: (deprecation ATTR_FALSE_VALUE) Attribute "noFlip" with v-bind value \`false\` will render noFlip="false" instead of removing it in Vue 3. To remove the attribute, use \`null\` or \`undefined\` instead. If the usage is intended, you can disable the compat behavior and suppress this warning with:

  configureCompat({ ATTR_FALSE_VALUE: false })

  Details: https://v3-migration.vuejs.org/breaking-changes/attribute-coercion.html",
    "
",
    " at <BDropdown",
    "class="timezone-dropdown w-100"",
    "menu-class="shadow-lg"",
    "no-caret=""",
    " ...",
    ">",
    "
",
    " at <TimezoneOffset",
    "ref="VTU_COMPONENT"",
    ">",
    "
",
    " at <VTUROOT>",
  ],
  [
    "[Vue warn]: (deprecation ATTR_FALSE_VALUE) Attribute "right" with v-bind value \`false\` will render right="false" instead of removing it in Vue 3. To remove the attribute, use \`null\` or \`undefined\` instead. If the usage is intended, you can disable the compat behavior and suppress this warning with:

  configureCompat({ ATTR_FALSE_VALUE: false })

  Details: https://v3-migration.vuejs.org/breaking-changes/attribute-coercion.html",
    "
",
    " at <BDropdown",
    "class="timezone-dropdown w-100"",
    "menu-class="shadow-lg"",
    "no-caret=""",
    " ...",
    ">",
    "
",
    " at <TimezoneOffset",
    "ref="VTU_COMPONENT"",
    ">",
    "
",
    " at <VTUROOT>",
  ],
  [
    "[Vue warn]: (deprecation ATTR_FALSE_VALUE) Attribute "block" with v-bind value \`false\` will render block="false" instead of removing it in Vue 3. To remove the attribute, use \`null\` or \`undefined\` instead. If the usage is intended, you can disable the compat behavior and suppress this warning with:

  configureCompat({ ATTR_FALSE_VALUE: false })

  Details: https://v3-migration.vuejs.org/breaking-changes/attribute-coercion.html",
    "
",
    " at <BDropdown",
    "class="timezone-dropdown w-100"",
    "menu-class="shadow-lg"",
    "no-caret=""",
    " ...",
    ">",
    "
",
    " at <TimezoneOffset",
    "ref="VTU_COMPONENT"",
    ">",
    "
",
    " at <VTUROOT>",
  ],
  [
    "[Vue warn]: (deprecation ATTR_FALSE_VALUE) (2)",
    "
",
    " at <BDropdown",
    "class="timezone-dropdown w-100"",
    "menu-class="shadow-lg"",
    "no-caret=""",
    " ...",
    ">",
    "
",
    " at <TimezoneOffset",
    "ref="VTU_COMPONENT"",
    ">",
    "
",
    " at <VTUROOT>",
  ],
  [
    "[Vue warn]: (deprecation ATTR_FALSE_VALUE) Attribute "split" with v-bind value \`false\` will render split="false" instead of removing it in Vue 3. To remove the attribute, use \`null\` or \`undefined\` instead. If the usage is intended, you can disable the compat behavior and suppress this warning with:

  configureCompat({ ATTR_FALSE_VALUE: false })

  Details: https://v3-migration.vuejs.org/breaking-changes/attribute-coercion.html",
    "
",
    " at <BDropdown",
    "class="timezone-dropdown w-100"",
    "menu-class="shadow-lg"",
    "no-caret=""",
    " ...",
    ">",
    "
",
    " at <TimezoneOffset",
    "ref="VTU_COMPONENT"",
    ">",
    "
",
    " at <VTUROOT>",
  ],
  [
    "[Vue warn]: (deprecation ATTR_FALSE_VALUE) Attribute "active" with v-bind value \`false\` will render active="false" instead of removing it in Vue 3. To remove the attribute, use \`null\` or \`undefined\` instead. If the usage is intended, you can disable the compat behavior and suppress this warning with:

  configureCompat({ ATTR_FALSE_VALUE: false })

  Details: https://v3-migration.vuejs.org/breaking-changes/attribute-coercion.html",
    "
",
    " at <BLink",
    "href="https://www.timeanddate.com/time/zones/"",
    "target="_blank"",
    ">",
    "
",
    " at <TimezoneOffset",
    "ref="VTU_COMPONENT"",
    ">",
    "
",
    " at <VTUROOT>",
  ],
  [
    "[Vue warn]: (deprecation ATTR_FALSE_VALUE) (3)",
    "
",
    " at <BLink",
    "href="https://www.timeanddate.com/time/zones/"",
    "target="_blank"",
    ">",
    "
",
    " at <TimezoneOffset",
    "ref="VTU_COMPONENT"",
    ">",
    "
",
    " at <VTUROOT>",
  ],
  [
    "[Vue warn]: (deprecation ATTR_FALSE_VALUE) Attribute "exact" with v-bind value \`false\` will render exact="false" instead of removing it in Vue 3. To remove the attribute, use \`null\` or \`undefined\` instead. If the usage is intended, you can disable the compat behavior and suppress this warning with:

  configureCompat({ ATTR_FALSE_VALUE: false })

  Details: https://v3-migration.vuejs.org/breaking-changes/attribute-coercion.html",
    "
",
    " at <BLink",
    "href="https://www.timeanddate.com/time/zones/"",
    "target="_blank"",
    ">",
    "
",
    " at <TimezoneOffset",
    "ref="VTU_COMPONENT"",
    ">",
    "
",
    " at <VTUROOT>",
  ],
  [
    "[Vue warn]: (deprecation ATTR_FALSE_VALUE) Attribute "exactPath" with v-bind value \`false\` will render exactPath="false" instead of removing it in Vue 3. To remove the attribute, use \`null\` or \`undefined\` instead. If the usage is intended, you can disable the compat behavior and suppress this warning with:

  configureCompat({ ATTR_FALSE_VALUE: false })

  Details: https://v3-migration.vuejs.org/breaking-changes/attribute-coercion.html",
    "
",
    " at <BLink",
    "href="https://www.timeanddate.com/time/zones/"",
    "target="_blank"",
    ">",
    "
",
    " at <TimezoneOffset",
    "ref="VTU_COMPONENT"",
    ">",
    "
",
    " at <VTUROOT>",
  ],
  [
    "[Vue warn]: (deprecation ATTR_FALSE_VALUE) Attribute "noPrefetch" with v-bind value \`false\` will render noPrefetch="false" instead of removing it in Vue 3. To remove the attribute, use \`null\` or \`undefined\` instead. If the usage is intended, you can disable the compat behavior and suppress this warning with:

  configureCompat({ ATTR_FALSE_VALUE: false })

  Details: https://v3-migration.vuejs.org/breaking-changes/attribute-coercion.html",
    "
",
    " at <BLink",
    "href="https://www.timeanddate.com/time/zones/"",
    "target="_blank"",
    ">",
    "
",
    " at <TimezoneOffset",
    "ref="VTU_COMPONENT"",
    ">",
    "
",
    " at <VTUROOT>",
  ],
  [
    "[Vue warn]: (deprecation ATTR_FALSE_VALUE) Attribute "replace" with v-bind value \`false\` will render replace="false" instead of removing it in Vue 3. To remove the attribute, use \`null\` or \`undefined\` instead. If the usage is intended, you can disable the compat behavior and suppress this warning with:

  configureCompat({ ATTR_FALSE_VALUE: false })

  Details: https://v3-migration.vuejs.org/breaking-changes/attribute-coercion.html",
    "
",
    " at <BLink",
    "href="https://www.timeanddate.com/time/zones/"",
    "target="_blank"",
    ">",
    "
",
    " at <TimezoneOffset",
    "ref="VTU_COMPONENT"",
    ">",
    "
",
    " at <VTUROOT>",
  ],
]
`;
