// Jest Snapshot v1, https://goo.gl/fbAQLP

exports[`EditPersonalInfo.vue EditPersonalInfo modal loaded 1`] = `
<bmodal-stub id="userDetailsModal" size="md" ignoreenforcefocusselector="" title="" titletag="h5" modalclass="fr-full-screen" headerclosecontent="&amp;times;" headercloselabel="Close" canceltitle="Cancel" oktitle="OK" cancelvariant="outline-secondary" okvariant="primary">
  <bcontainer-stub tag="div">
    <brow-stub tag="div">
      <bcol-stub sm="8" offsetsm="2" tag="div">
        <h3 class="text-center">
          No profile fields available
        </h3>
      </bcol-stub>
    </brow-stub>
  </bcontainer-stub>
</bmodal-stub>
`;
