// Jest Snapshot v1, https://goo.gl/fbAQLP

exports[`ReCaptchaV2.vue Sets data: console-warn-snapshot 1`] = `
[
  [
    "[Vue warn]: (deprecation RENDER_FUNCTION) Vue 3's render function API has changed. You can opt-in to the new API with:

  configureCompat({ RENDER_FUNCTION: false })

  (This can also be done per-component via the "compatConfig" option.)
  Details: https://v3-migration.vuejs.org/breaking-changes/render-function-api.html",
    "
",
    " at <VTUROOT>",
  ],
  [
    "[Vue warn]: (deprecation ATTR_FALSE_VALUE) Attribute "loadRecaptchaScript" with v-bind value \`false\` will render loadRecaptchaScript="false" instead of removing it in Vue 3. To remove the attribute, use \`null\` or \`undefined\` instead. If the usage is intended, you can disable the compat behavior and suppress this warning with:

  configureCompat({ ATTR_FALSE_VALUE: false })

  Details: https://v3-migration.vuejs.org/breaking-changes/attribute-coercion.html",
    "
",
    " at <VueRecaptcha",
    "key=0",
    "ref="tmpRecaptcha"",
    "onVerify=fn<bound handleCaptchaCallback>",
    " ...",
    ">",
    "
",
    " at <ReCaptchaV2",
    "callback=",
    {
      "getSiteKey": [MockFunction] {
        "calls": [
          [],
        ],
        "results": [
          {
            "type": "return",
            "value": "siteKey",
          },
        ],
      },
      "setInputValue": [MockFunction],
    },
    "index=5",
    "ref="VTU_COMPONENT"",
    ">",
    "
",
    " at <VTUROOT>",
  ],
]
`;
