// Jest Snapshot v1, https://goo.gl/fbAQLP

exports[`CertificationTask signOff should go to back URL when cert is complete: console-error-snapshot 1`] = `
[
  [
    "Un-mocked call made to Axios create. All API calls should be mocked",
  ],
  [
    "Un-mocked API call made with Axios. All API calls should be mocked",
  ],
  [
    "Un-mocked call made to Axios create. All API calls should be mocked",
  ],
  [
    "Un-mocked API call made with Axios. All API calls should be mocked",
  ],
]
`;

exports[`CertificationTask signOff should not go to back URL when cert is not complete: console-error-snapshot 1`] = `
[
  [
    "Un-mocked call made to Axios create. All API calls should be mocked",
  ],
  [
    "Un-mocked API call made with Axios. All API calls should be mocked",
  ],
  [
    "Un-mocked call made to Axios create. All API calls should be mocked",
  ],
  [
    "Un-mocked API call made with Axios. All API calls should be mocked",
  ],
  [
    "Un-mocked call made to Axios create. All API calls should be mocked",
  ],
  [
    "Un-mocked API call made with Axios. All API calls should be mocked",
  ],
  [
    "Un-mocked call made to Axios create. All API calls should be mocked",
  ],
  [
    "Un-mocked API call made with Axios. All API calls should be mocked",
  ],
]
`;

exports[`CertificationTask tabs accounts and entitlement validation should load accounts and entitlement tabs because there is a target filter defined for both, group by account field shown: console-error-snapshot 1`] = `
[
  [
    "Un-mocked call made to Axios create. All API calls should be mocked",
  ],
  [
    "Un-mocked API call made with Axios. All API calls should be mocked",
  ],
  [
    "Un-mocked call made to Axios create. All API calls should be mocked",
  ],
  [
    "Un-mocked API call made with Axios. All API calls should be mocked",
  ],
]
`;

exports[`CertificationTask tabs accounts and entitlement validation should load only accounts tab because there is not a target filter defined for entitlements, gruop by account field not shown: console-error-snapshot 1`] = `
[
  [
    "Un-mocked call made to Axios create. All API calls should be mocked",
  ],
  [
    "Un-mocked API call made with Axios. All API calls should be mocked",
  ],
  [
    "Un-mocked call made to Axios create. All API calls should be mocked",
  ],
  [
    "Un-mocked API call made with Axios. All API calls should be mocked",
  ],
  [
    "Un-mocked call made to Axios create. All API calls should be mocked",
  ],
  [
    "Un-mocked API call made with Axios. All API calls should be mocked",
  ],
  [
    "Un-mocked call made to Axios create. All API calls should be mocked",
  ],
  [
    "Un-mocked API call made with Axios. All API calls should be mocked",
  ],
]
`;

exports[`CertificationTask tabs accounts and entitlement validation should load only entitlements tab because there is not a target filter defined for accounts, gruop by account field not shown: console-error-snapshot 1`] = `
[
  [
    "Un-mocked call made to Axios create. All API calls should be mocked",
  ],
  [
    "Un-mocked API call made with Axios. All API calls should be mocked",
  ],
  [
    "Un-mocked call made to Axios create. All API calls should be mocked",
  ],
  [
    "Un-mocked API call made with Axios. All API calls should be mocked",
  ],
  [
    "Un-mocked call made to Axios create. All API calls should be mocked",
  ],
  [
    "Un-mocked API call made with Axios. All API calls should be mocked",
  ],
  [
    "Un-mocked call made to Axios create. All API calls should be mocked",
  ],
  [
    "Un-mocked API call made with Axios. All API calls should be mocked",
  ],
]
`;
