// Jest Snapshot v1, https://goo.gl/fbAQLP

exports[`TermsAndConditionsCallback.vue Sets data: console-warn-snapshot 1`] = `
[
  [
    "[Vue warn]: (deprecation RENDER_FUNCTION) Vue 3's render function API has changed. You can opt-in to the new API with:

  configureCompat({ RENDER_FUNCTION: false })

  (This can also be done per-component via the "compatConfig" option.)
  Details: https://v3-migration.vuejs.org/breaking-changes/render-function-api.html",
    "
",
    " at <VTUROOT>",
  ],
  [
    "[Vue warn]: (deprecation GLOBAL_EXTEND) (2)",
    "
",
    " at <TermsAndConditions",
    "callback=",
    {
      "getTerms": [Function],
      "setInputValue": [MockFunction] {
        "calls": [
          [
            true,
          ],
        ],
        "results": [
          {
            "type": "return",
            "value": undefined,
          },
        ],
      },
    },
    "index=5",
    "ref="VTU_COMPONENT"",
    ">",
    "
",
    " at <VTUROOT>",
  ],
  [
    "[Vue warn]: (deprecation RENDER_FUNCTION) (2)",
    "
",
    " at <BModal",
    "ref="terms-modal"",
    "hide-footer=""",
    "body-class="p-3 border-none"",
    " ...",
    ">",
    "
",
    " at <TermsAndConditions",
    "callback=",
    {
      "getTerms": [Function],
      "setInputValue": [MockFunction] {
        "calls": [
          [
            true,
          ],
        ],
        "results": [
          {
            "type": "return",
            "value": undefined,
          },
        ],
      },
    },
    "index=5",
    "ref="VTU_COMPONENT"",
    ">",
    "
",
    " at <VTUROOT>",
  ],
  [
    "[Vue warn]: (deprecation OPTIONS_BEFORE_DESTROY) \`beforeDestroy\` has been renamed to \`beforeUnmount\`.",
    "
",
    " at <BModal",
    "ref="terms-modal"",
    "hide-footer=""",
    "body-class="p-3 border-none"",
    " ...",
    ">",
    "
",
    " at <TermsAndConditions",
    "callback=",
    {
      "getTerms": [Function],
      "setInputValue": [MockFunction] {
        "calls": [
          [
            true,
          ],
        ],
        "results": [
          {
            "type": "return",
            "value": undefined,
          },
        ],
      },
    },
    "index=5",
    "ref="VTU_COMPONENT"",
    ">",
    "
",
    " at <VTUROOT>",
  ],
  [
    "[Vue warn]: (deprecation INSTANCE_EVENT_EMITTER) vm.$on/$once/$off() have been removed. Use an external event emitter library instead.
  Details: https://v3-migration.vuejs.org/breaking-changes/events-api.html",
  ],
]
`;
