// Jest Snapshot v1, https://goo.gl/fbAQLP

exports[`PieChart renders the chart div: console-warn-snapshot 1`] = `
[
  [
    "[Vue warn]: (deprecation RENDER_FUNCTION) Vue 3's render function API has changed. You can opt-in to the new API with:

  configureCompat({ RENDER_FUNCTION: false })

  (This can also be done per-component via the "compatConfig" option.)
  Details: https://v3-migration.vuejs.org/breaking-changes/render-function-api.html",
    "
",
    " at <VTUROOT>",
  ],
  [
    "[Vue warn]: (deprecation WATCH_ARRAY) "watch" option or vm.$watch on an array value will no longer trigger on array mutation unless the "deep" option is specified. If current usage is intended, you can disable the compat behavior and suppress this warning with:

  configureCompat({ WATCH_ARRAY: false })

  Details: https://v3-migration.vuejs.org/breaking-changes/watch.html",
    "
",
    " at <PieChart",
    "data=",
    [
      {
        "color": "red",
        "label": "item1",
        "value": 30,
      },
      {
        "color": "yellow",
        "label": "item2",
        "value": 20,
      },
      {
        "color": "yellow",
        "label": "item3",
        "value": 20,
      },
    ],
    "ref="VTU_COMPONENT"",
    ">",
    "
",
    " at <VTUROOT>",
  ],
]
`;
