// Jest Snapshot v1, https://goo.gl/fbAQLP

exports[`AccountDetailsTab should show all account details properties: console-warn-snapshot 1`] = `
[
  [
    "[Vue warn]: (deprecation RENDER_FUNCTION) Vue 3's render function API has changed. You can opt-in to the new API with:

  configureCompat({ RENDER_FUNCTION: false })

  (This can also be done per-component via the "compatConfig" option.)
  Details: https://v3-migration.vuejs.org/breaking-changes/render-function-api.html",
    "
",
    " at <VTUROOT>",
  ],
  [
    "[Vue warn]: (deprecation GLOBAL_EXTEND) (2)",
    "
",
    " at <AccountDetailsTab",
    "account=",
    {
      "account": {
        "displayName": "Franklin Horne",
        "userPrincipalName": "fhorne@jstilton1973unfinishedlife.onmicrosoft.com",
      },
      "accountEnabled": true,
      "accountType": "type",
      "decision": "certify",
      "decisionBy": {
        "givenName": "Foo",
        "id": "managed/user/1",
        "mail": "foo@test.com",
        "sn": "Test",
        "userName": "FooTest",
      },
      "decisionDate": "2023-02-28T15:12:25+00:00",
      "displayName": "Franklin Horne",
      "givenName": "Franklin",
      "id": "test",
      "linkQualifier": "default",
      "mail": "franklin.horne@usercreator.gen",
      "mailNickname": "fhorne",
      "manager": null,
      "metadata": {},
      "otherMails": [],
      "proxyAddresses": [],
      "surname": "Horne",
      "userPrincipalName": "fhorne@jstilton1973unfinishedlife.onmicrosoft.com",
      "userType": "Member",
    },
    "ref="VTU_COMPONENT"",
    ">",
    "
",
    " at <VTUROOT>",
  ],
  [
    "[Vue warn]: (deprecation ATTR_FALSE_VALUE) Attribute "blank" with v-bind value \`false\` will render blank="false" instead of removing it in Vue 3. To remove the attribute, use \`null\` or \`undefined\` instead. If the usage is intended, you can disable the compat behavior and suppress this warning with:

  configureCompat({ ATTR_FALSE_VALUE: false })

  Details: https://v3-migration.vuejs.org/breaking-changes/attribute-coercion.html",
    "
",
    " at <BImg",
    "class="mr-3 rounded-circle"",
    "height="36"",
    "width="36"",
    " ...",
    ">",
    "
",
    " at <BMedia",
    "class="align-items-center"",
    "no-body=""",
    ">",
    "
",
    " at <AccountDetailsTab",
    "account=",
    {
      "account": {
        "displayName": "Franklin Horne",
        "userPrincipalName": "fhorne@jstilton1973unfinishedlife.onmicrosoft.com",
      },
      "accountEnabled": true,
      "accountType": "type",
      "decision": "certify",
      "decisionBy": {
        "givenName": "Foo",
        "id": "managed/user/1",
        "mail": "foo@test.com",
        "sn": "Test",
        "userName": "FooTest",
      },
      "decisionDate": "2023-02-28T15:12:25+00:00",
      "displayName": "Franklin Horne",
      "givenName": "Franklin",
      "id": "test",
      "linkQualifier": "default",
      "mail": "franklin.horne@usercreator.gen",
      "mailNickname": "fhorne",
      "manager": null,
      "metadata": {},
      "otherMails": [],
      "proxyAddresses": [],
      "surname": "Horne",
      "userPrincipalName": "fhorne@jstilton1973unfinishedlife.onmicrosoft.com",
      "userType": "Member",
    },
    "ref="VTU_COMPONENT"",
    ">",
    "
",
    " at <VTUROOT>",
  ],
  [
    "[Vue warn]: (deprecation ATTR_FALSE_VALUE) Attribute "block" with v-bind value \`false\` will render block="false" instead of removing it in Vue 3. To remove the attribute, use \`null\` or \`undefined\` instead. If the usage is intended, you can disable the compat behavior and suppress this warning with:

  configureCompat({ ATTR_FALSE_VALUE: false })

  Details: https://v3-migration.vuejs.org/breaking-changes/attribute-coercion.html",
    "
",
    " at <BImg",
    "class="mr-3 rounded-circle"",
    "height="36"",
    "width="36"",
    " ...",
    ">",
    "
",
    " at <BMedia",
    "class="align-items-center"",
    "no-body=""",
    ">",
    "
",
    " at <AccountDetailsTab",
    "account=",
    {
      "account": {
        "displayName": "Franklin Horne",
        "userPrincipalName": "fhorne@jstilton1973unfinishedlife.onmicrosoft.com",
      },
      "accountEnabled": true,
      "accountType": "type",
      "decision": "certify",
      "decisionBy": {
        "givenName": "Foo",
        "id": "managed/user/1",
        "mail": "foo@test.com",
        "sn": "Test",
        "userName": "FooTest",
      },
      "decisionDate": "2023-02-28T15:12:25+00:00",
      "displayName": "Franklin Horne",
      "givenName": "Franklin",
      "id": "test",
      "linkQualifier": "default",
      "mail": "franklin.horne@usercreator.gen",
      "mailNickname": "fhorne",
      "manager": null,
      "metadata": {},
      "otherMails": [],
      "proxyAddresses": [],
      "surname": "Horne",
      "userPrincipalName": "fhorne@jstilton1973unfinishedlife.onmicrosoft.com",
      "userType": "Member",
    },
    "ref="VTU_COMPONENT"",
    ">",
    "
",
    " at <VTUROOT>",
  ],
  [
    "[Vue warn]: (deprecation ATTR_FALSE_VALUE) Attribute "center" with v-bind value \`false\` will render center="false" instead of removing it in Vue 3. To remove the attribute, use \`null\` or \`undefined\` instead. If the usage is intended, you can disable the compat behavior and suppress this warning with:

  configureCompat({ ATTR_FALSE_VALUE: false })

  Details: https://v3-migration.vuejs.org/breaking-changes/attribute-coercion.html",
    "
",
    " at <BImg",
    "class="mr-3 rounded-circle"",
    "height="36"",
    "width="36"",
    " ...",
    ">",
    "
",
    " at <BMedia",
    "class="align-items-center"",
    "no-body=""",
    ">",
    "
",
    " at <AccountDetailsTab",
    "account=",
    {
      "account": {
        "displayName": "Franklin Horne",
        "userPrincipalName": "fhorne@jstilton1973unfinishedlife.onmicrosoft.com",
      },
      "accountEnabled": true,
      "accountType": "type",
      "decision": "certify",
      "decisionBy": {
        "givenName": "Foo",
        "id": "managed/user/1",
        "mail": "foo@test.com",
        "sn": "Test",
        "userName": "FooTest",
      },
      "decisionDate": "2023-02-28T15:12:25+00:00",
      "displayName": "Franklin Horne",
      "givenName": "Franklin",
      "id": "test",
      "linkQualifier": "default",
      "mail": "franklin.horne@usercreator.gen",
      "mailNickname": "fhorne",
      "manager": null,
      "metadata": {},
      "otherMails": [],
      "proxyAddresses": [],
      "surname": "Horne",
      "userPrincipalName": "fhorne@jstilton1973unfinishedlife.onmicrosoft.com",
      "userType": "Member",
    },
    "ref="VTU_COMPONENT"",
    ">",
    "
",
    " at <VTUROOT>",
  ],
  [
    "[Vue warn]: (deprecation ATTR_FALSE_VALUE) Attribute "fluidGrow" with v-bind value \`false\` will render fluidGrow="false" instead of removing it in Vue 3. To remove the attribute, use \`null\` or \`undefined\` instead. If the usage is intended, you can disable the compat behavior and suppress this warning with:

  configureCompat({ ATTR_FALSE_VALUE: false })

  Details: https://v3-migration.vuejs.org/breaking-changes/attribute-coercion.html",
    "
",
    " at <BImg",
    "class="mr-3 rounded-circle"",
    "height="36"",
    "width="36"",
    " ...",
    ">",
    "
",
    " at <BMedia",
    "class="align-items-center"",
    "no-body=""",
    ">",
    "
",
    " at <AccountDetailsTab",
    "account=",
    {
      "account": {
        "displayName": "Franklin Horne",
        "userPrincipalName": "fhorne@jstilton1973unfinishedlife.onmicrosoft.com",
      },
      "accountEnabled": true,
      "accountType": "type",
      "decision": "certify",
      "decisionBy": {
        "givenName": "Foo",
        "id": "managed/user/1",
        "mail": "foo@test.com",
        "sn": "Test",
        "userName": "FooTest",
      },
      "decisionDate": "2023-02-28T15:12:25+00:00",
      "displayName": "Franklin Horne",
      "givenName": "Franklin",
      "id": "test",
      "linkQualifier": "default",
      "mail": "franklin.horne@usercreator.gen",
      "mailNickname": "fhorne",
      "manager": null,
      "metadata": {},
      "otherMails": [],
      "proxyAddresses": [],
      "surname": "Horne",
      "userPrincipalName": "fhorne@jstilton1973unfinishedlife.onmicrosoft.com",
      "userType": "Member",
    },
    "ref="VTU_COMPONENT"",
    ">",
    "
",
    " at <VTUROOT>",
  ],
  [
    "[Vue warn]: (deprecation ATTR_FALSE_VALUE) Attribute "left" with v-bind value \`false\` will render left="false" instead of removing it in Vue 3. To remove the attribute, use \`null\` or \`undefined\` instead. If the usage is intended, you can disable the compat behavior and suppress this warning with:

  configureCompat({ ATTR_FALSE_VALUE: false })

  Details: https://v3-migration.vuejs.org/breaking-changes/attribute-coercion.html",
    "
",
    " at <BImg",
    "class="mr-3 rounded-circle"",
    "height="36"",
    "width="36"",
    " ...",
    ">",
    "
",
    " at <BMedia",
    "class="align-items-center"",
    "no-body=""",
    ">",
    "
",
    " at <AccountDetailsTab",
    "account=",
    {
      "account": {
        "displayName": "Franklin Horne",
        "userPrincipalName": "fhorne@jstilton1973unfinishedlife.onmicrosoft.com",
      },
      "accountEnabled": true,
      "accountType": "type",
      "decision": "certify",
      "decisionBy": {
        "givenName": "Foo",
        "id": "managed/user/1",
        "mail": "foo@test.com",
        "sn": "Test",
        "userName": "FooTest",
      },
      "decisionDate": "2023-02-28T15:12:25+00:00",
      "displayName": "Franklin Horne",
      "givenName": "Franklin",
      "id": "test",
      "linkQualifier": "default",
      "mail": "franklin.horne@usercreator.gen",
      "mailNickname": "fhorne",
      "manager": null,
      "metadata": {},
      "otherMails": [],
      "proxyAddresses": [],
      "surname": "Horne",
      "userPrincipalName": "fhorne@jstilton1973unfinishedlife.onmicrosoft.com",
      "userType": "Member",
    },
    "ref="VTU_COMPONENT"",
    ">",
    "
",
    " at <VTUROOT>",
  ],
  [
    "[Vue warn]: (deprecation ATTR_FALSE_VALUE) Attribute "right" with v-bind value \`false\` will render right="false" instead of removing it in Vue 3. To remove the attribute, use \`null\` or \`undefined\` instead. If the usage is intended, you can disable the compat behavior and suppress this warning with:

  configureCompat({ ATTR_FALSE_VALUE: false })

  Details: https://v3-migration.vuejs.org/breaking-changes/attribute-coercion.html",
    "
",
    " at <BImg",
    "class="mr-3 rounded-circle"",
    "height="36"",
    "width="36"",
    " ...",
    ">",
    "
",
    " at <BMedia",
    "class="align-items-center"",
    "no-body=""",
    ">",
    "
",
    " at <AccountDetailsTab",
    "account=",
    {
      "account": {
        "displayName": "Franklin Horne",
        "userPrincipalName": "fhorne@jstilton1973unfinishedlife.onmicrosoft.com",
      },
      "accountEnabled": true,
      "accountType": "type",
      "decision": "certify",
      "decisionBy": {
        "givenName": "Foo",
        "id": "managed/user/1",
        "mail": "foo@test.com",
        "sn": "Test",
        "userName": "FooTest",
      },
      "decisionDate": "2023-02-28T15:12:25+00:00",
      "displayName": "Franklin Horne",
      "givenName": "Franklin",
      "id": "test",
      "linkQualifier": "default",
      "mail": "franklin.horne@usercreator.gen",
      "mailNickname": "fhorne",
      "manager": null,
      "metadata": {},
      "otherMails": [],
      "proxyAddresses": [],
      "surname": "Horne",
      "userPrincipalName": "fhorne@jstilton1973unfinishedlife.onmicrosoft.com",
      "userType": "Member",
    },
    "ref="VTU_COMPONENT"",
    ">",
    "
",
    " at <VTUROOT>",
  ],
  [
    "[Vue warn]: (deprecation ATTR_FALSE_VALUE) Attribute "rounded" with v-bind value \`false\` will render rounded="false" instead of removing it in Vue 3. To remove the attribute, use \`null\` or \`undefined\` instead. If the usage is intended, you can disable the compat behavior and suppress this warning with:

  configureCompat({ ATTR_FALSE_VALUE: false })

  Details: https://v3-migration.vuejs.org/breaking-changes/attribute-coercion.html",
    "
",
    " at <BImg",
    "class="mr-3 rounded-circle"",
    "height="36"",
    "width="36"",
    " ...",
    ">",
    "
",
    " at <BMedia",
    "class="align-items-center"",
    "no-body=""",
    ">",
    "
",
    " at <AccountDetailsTab",
    "account=",
    {
      "account": {
        "displayName": "Franklin Horne",
        "userPrincipalName": "fhorne@jstilton1973unfinishedlife.onmicrosoft.com",
      },
      "accountEnabled": true,
      "accountType": "type",
      "decision": "certify",
      "decisionBy": {
        "givenName": "Foo",
        "id": "managed/user/1",
        "mail": "foo@test.com",
        "sn": "Test",
        "userName": "FooTest",
      },
      "decisionDate": "2023-02-28T15:12:25+00:00",
      "displayName": "Franklin Horne",
      "givenName": "Franklin",
      "id": "test",
      "linkQualifier": "default",
      "mail": "franklin.horne@usercreator.gen",
      "mailNickname": "fhorne",
      "manager": null,
      "metadata": {},
      "otherMails": [],
      "proxyAddresses": [],
      "surname": "Horne",
      "userPrincipalName": "fhorne@jstilton1973unfinishedlife.onmicrosoft.com",
      "userType": "Member",
    },
    "ref="VTU_COMPONENT"",
    ">",
    "
",
    " at <VTUROOT>",
  ],
  [
    "[Vue warn]: (deprecation ATTR_FALSE_VALUE) Attribute "thumbnail" with v-bind value \`false\` will render thumbnail="false" instead of removing it in Vue 3. To remove the attribute, use \`null\` or \`undefined\` instead. If the usage is intended, you can disable the compat behavior and suppress this warning with:

  configureCompat({ ATTR_FALSE_VALUE: false })

  Details: https://v3-migration.vuejs.org/breaking-changes/attribute-coercion.html",
    "
",
    " at <BImg",
    "class="mr-3 rounded-circle"",
    "height="36"",
    "width="36"",
    " ...",
    ">",
    "
",
    " at <BMedia",
    "class="align-items-center"",
    "no-body=""",
    ">",
    "
",
    " at <AccountDetailsTab",
    "account=",
    {
      "account": {
        "displayName": "Franklin Horne",
        "userPrincipalName": "fhorne@jstilton1973unfinishedlife.onmicrosoft.com",
      },
      "accountEnabled": true,
      "accountType": "type",
      "decision": "certify",
      "decisionBy": {
        "givenName": "Foo",
        "id": "managed/user/1",
        "mail": "foo@test.com",
        "sn": "Test",
        "userName": "FooTest",
      },
      "decisionDate": "2023-02-28T15:12:25+00:00",
      "displayName": "Franklin Horne",
      "givenName": "Franklin",
      "id": "test",
      "linkQualifier": "default",
      "mail": "franklin.horne@usercreator.gen",
      "mailNickname": "fhorne",
      "manager": null,
      "metadata": {},
      "otherMails": [],
      "proxyAddresses": [],
      "surname": "Horne",
      "userPrincipalName": "fhorne@jstilton1973unfinishedlife.onmicrosoft.com",
      "userType": "Member",
    },
    "ref="VTU_COMPONENT"",
    ">",
    "
",
    " at <VTUROOT>",
  ],
  [
    "[Vue warn]: (deprecation ATTR_FALSE_VALUE) Attribute "rightAlign" with v-bind value \`false\` will render rightAlign="false" instead of removing it in Vue 3. To remove the attribute, use \`null\` or \`undefined\` instead. If the usage is intended, you can disable the compat behavior and suppress this warning with:

  configureCompat({ ATTR_FALSE_VALUE: false })

  Details: https://v3-migration.vuejs.org/breaking-changes/attribute-coercion.html",
    "
",
    " at <BMedia",
    "class="align-items-center"",
    "no-body=""",
    ">",
    "
",
    " at <AccountDetailsTab",
    "account=",
    {
      "account": {
        "displayName": "Franklin Horne",
        "userPrincipalName": "fhorne@jstilton1973unfinishedlife.onmicrosoft.com",
      },
      "accountEnabled": true,
      "accountType": "type",
      "decision": "certify",
      "decisionBy": {
        "givenName": "Foo",
        "id": "managed/user/1",
        "mail": "foo@test.com",
        "sn": "Test",
        "userName": "FooTest",
      },
      "decisionDate": "2023-02-28T15:12:25+00:00",
      "displayName": "Franklin Horne",
      "givenName": "Franklin",
      "id": "test",
      "linkQualifier": "default",
      "mail": "franklin.horne@usercreator.gen",
      "mailNickname": "fhorne",
      "manager": null,
      "metadata": {},
      "otherMails": [],
      "proxyAddresses": [],
      "surname": "Horne",
      "userPrincipalName": "fhorne@jstilton1973unfinishedlife.onmicrosoft.com",
      "userType": "Member",
    },
    "ref="VTU_COMPONENT"",
    ">",
    "
",
    " at <VTUROOT>",
  ],
]
`;
