// Jest Snapshot v1, https://goo.gl/fbAQLP

exports[`NotFound.vue Not found page loaded 1`] = `
<bcontainer-stub tag="div" fluid="true" id="notFoundContainer" class="h-100 d-flex">
  <div class="m-auto align-self-center text-center" style="width: 350px;">
    <div class="fr-speech-bubble">
      <p><strong class="text-muted">
          404
        </strong></p>
      <div class="fr-speech-arrow"></div>
    </div>
    <bimg-stub src="" alt="img" width="112" height="112" blankcolor="transparent" class="fr-ghost mb-2"></bimg-stub>
    <p class="text-centered">
      We couldn't find the page you were looking for.
    </p> <a>
      <bbutton-stub target="_self" event="click" routertag="a" variant="primary" type="button" tag="button" class="mt-2 mb-2">
        Return to dashboard
      </bbutton-stub>
    </a>
    <bimg-stub src="" alt="img" width="112" height="112" blankcolor="transparent" class="fr-shadow"></bimg-stub>
  </div>
</bcontainer-stub>
`;
