// Jest Snapshot v1, https://goo.gl/fbAQLP

exports[`SelectWithActions input emits add and edit events: console-warn-snapshot 1`] = `
[
  [
    "[Vue warn]: (deprecation RENDER_FUNCTION) Vue 3's render function API has changed. You can opt-in to the new API with:

  configureCompat({ RENDER_FUNCTION: false })

  (This can also be done per-component via the "compatConfig" option.)
  Details: https://v3-migration.vuejs.org/breaking-changes/render-function-api.html",
    "
",
    " at <VTUROOT>",
  ],
  [
    "[Vue warn]: (deprecation INSTANCE_LISTENERS) vm.$listeners has been removed. In Vue 3, parent v-on listeners are included in vm.$attrs and it is no longer necessary to separately use v-on="$listeners" if you are already using v-bind="$attrs". (Note: the Vue 3 behavior only applies if this compat config is disabled)
  Details: https://v3-migration.vuejs.org/breaking-changes/listeners-removed.html",
    "
",
    " at <SelectWithActions",
    "addRowText="addRow?"",
    "addLabel="addButton?"",
    "editLabel="editButton?"",
    " ...",
    ">",
    "
",
    " at <VTUROOT>",
  ],
  [
    "[Vue warn]: (deprecation WATCH_ARRAY) (2)",
    "
",
    " at <SelectInput",
    "id=""",
    "errorMessages=",
    [],
    "name=""",
    " ...",
    ">",
    "
",
    " at <SelectWithActions",
    "addRowText="addRow?"",
    "addLabel="addButton?"",
    "editLabel="editButton?"",
    " ...",
    ">",
    "
",
    " at <VTUROOT>",
  ],
  [
    "[Vue warn]: (deprecation WATCH_ARRAY) (3)",
    "
",
    " at <VueMultiselect",
    "id="floatingLabelInput4"",
    "ref="vms"",
    "value=""",
    " ...",
    ">",
    "
",
    " at <InputLayout",
    "id="floatingLabelInput4"",
    "name=""",
    "description=""",
    " ...",
    ">",
    "
",
    " at <SelectInput",
    "id=""",
    "errorMessages=",
    [],
    "name=""",
    " ...",
    ">",
    "
",
    " at <SelectWithActions",
    "addRowText="addRow?"",
    "addLabel="addButton?"",
    "editLabel="editButton?"",
    " ...",
    ">",
    "
",
    " at <VTUROOT>",
  ],
  [
    "[Vue warn]: (deprecation ATTR_FALSE_VALUE) Attribute "appear" with v-bind value \`false\` will render appear="false" instead of removing it in Vue 3. To remove the attribute, use \`null\` or \`undefined\` instead. If the usage is intended, you can disable the compat behavior and suppress this warning with:

  configureCompat({ ATTR_FALSE_VALUE: false })

  Details: https://v3-migration.vuejs.org/breaking-changes/attribute-coercion.html",
    "
",
    " at <Transition",
    "name="multiselect__loading"",
    ">",
    "
",
    " at <VueMultiselect",
    "id="floatingLabelInput4"",
    "ref="vms"",
    "value=""",
    " ...",
    ">",
    "
",
    " at <InputLayout",
    "id="floatingLabelInput4"",
    "name=""",
    "description=""",
    " ...",
    ">",
    "
",
    " at <SelectInput",
    "id=""",
    "errorMessages=",
    [],
    "name=""",
    " ...",
    ">",
    "
",
    " at <SelectWithActions",
    "addRowText="addRow?"",
    "addLabel="addButton?"",
    "editLabel="editButton?"",
    " ...",
    ">",
    "
",
    " at <VTUROOT>",
  ],
  [
    "[Vue warn]: (deprecation ATTR_FALSE_VALUE) Attribute "persisted" with v-bind value \`false\` will render persisted="false" instead of removing it in Vue 3. To remove the attribute, use \`null\` or \`undefined\` instead. If the usage is intended, you can disable the compat behavior and suppress this warning with:

  configureCompat({ ATTR_FALSE_VALUE: false })

  Details: https://v3-migration.vuejs.org/breaking-changes/attribute-coercion.html",
    "
",
    " at <Transition",
    "name="multiselect__loading"",
    ">",
    "
",
    " at <VueMultiselect",
    "id="floatingLabelInput4"",
    "ref="vms"",
    "value=""",
    " ...",
    ">",
    "
",
    " at <InputLayout",
    "id="floatingLabelInput4"",
    "name=""",
    "description=""",
    " ...",
    ">",
    "
",
    " at <SelectInput",
    "id=""",
    "errorMessages=",
    [],
    "name=""",
    " ...",
    ">",
    "
",
    " at <SelectWithActions",
    "addRowText="addRow?"",
    "addLabel="addButton?"",
    "editLabel="editButton?"",
    " ...",
    ">",
    "
",
    " at <VTUROOT>",
  ],
  [
    "[Vue warn]: (deprecation ATTR_ENUMERATED_COERCION) Enumerated attribute "spellcheck" with v-bind value \`false\` will render the value as-is instead of coercing the value to "true" in Vue 3. Always use explicit "true" or "false" values for enumerated attributes. If the usage is intended, you can disable the compat behavior and suppress this warning with:

  configureCompat({ ATTR_ENUMERATED_COERCION: false })

  Details: https://v3-migration.vuejs.org/breaking-changes/attribute-coercion.html",
    "
",
    " at <VueMultiselect",
    "id="floatingLabelInput4"",
    "ref="vms"",
    "value=""",
    " ...",
    ">",
    "
",
    " at <InputLayout",
    "id="floatingLabelInput4"",
    "name=""",
    "description=""",
    " ...",
    ">",
    "
",
    " at <SelectInput",
    "id=""",
    "errorMessages=",
    [],
    "name=""",
    " ...",
    ">",
    "
",
    " at <SelectWithActions",
    "addRowText="addRow?"",
    "addLabel="addButton?"",
    "editLabel="editButton?"",
    " ...",
    ">",
    "
",
    " at <VTUROOT>",
  ],
  [
    "[Vue warn]: (deprecation GLOBAL_EXTEND) (2)",
    "
",
    " at <Transition",
    "name="multiselect"",
    "persisted=""",
    ">",
    "
",
    " at <VueMultiselect",
    "id="floatingLabelInput4"",
    "ref="vms"",
    "value=""",
    " ...",
    ">",
    "
",
    " at <InputLayout",
    "id="floatingLabelInput4"",
    "name=""",
    "description=""",
    " ...",
    ">",
    "
",
    " at <SelectInput",
    "id=""",
    "errorMessages=",
    [],
    "name=""",
    " ...",
    ">",
    "
",
    " at <SelectWithActions",
    "addRowText="addRow?"",
    "addLabel="addButton?"",
    "editLabel="editButton?"",
    " ...",
    ">",
    "
",
    " at <VTUROOT>",
  ],
  [
    "[Vue warn]: (deprecation COMPONENT_FUNCTIONAL) Functional component <BButton> should be defined as a plain function in Vue 3. The "functional" option has been removed. NOTE: Before migrating to use plain functions for functional components, first make sure that all async components usage have been migrated and its compat behavior has been disabled.
  Details: https://v3-migration.vuejs.org/breaking-changes/functional-components.html",
    "
",
    " at <Transition",
    "name="multiselect"",
    "persisted=""",
    ">",
    "
",
    " at <VueMultiselect",
    "id="floatingLabelInput4"",
    "ref="vms"",
    "value=""",
    " ...",
    ">",
    "
",
    " at <InputLayout",
    "id="floatingLabelInput4"",
    "name=""",
    "description=""",
    " ...",
    ">",
    "
",
    " at <SelectInput",
    "id=""",
    "errorMessages=",
    [],
    "name=""",
    " ...",
    ">",
    "
",
    " at <SelectWithActions",
    "addRowText="addRow?"",
    "addLabel="addButton?"",
    "editLabel="editButton?"",
    " ...",
    ">",
    "
",
    " at <VTUROOT>",
  ],
  [
    "[Vue warn]: (deprecation INSTANCE_LISTENERS) (2)",
    "
",
    " at <BButton",
    "onClick=fn",
    "aria-label="addButton?"",
    "title="addButton?"",
    " ...",
    ">",
    "
",
    " at <Transition",
    "name="multiselect"",
    "persisted=""",
    ">",
    "
",
    " at <VueMultiselect",
    "id="floatingLabelInput4"",
    "ref="vms"",
    "value=""",
    " ...",
    ">",
    "
",
    " at <InputLayout",
    "id="floatingLabelInput4"",
    "name=""",
    "description=""",
    " ...",
    ">",
    "
",
    " at <SelectInput",
    "id=""",
    "errorMessages=",
    [],
    "name=""",
    " ...",
    ">",
    "
",
    " at <SelectWithActions",
    "addRowText="addRow?"",
    "addLabel="addButton?"",
    "editLabel="editButton?"",
    " ...",
    ">",
    "
",
    " at <VTUROOT>",
  ],
]
`;
