// Jest Snapshot v1, https://goo.gl/fbAQLP

exports[`Report Export modal component @renders ensures that the status of the modal changes to the download state if the status prop equals to "download": console-warn-snapshot 1`] = `
[
  [
    "[Vue warn]: (deprecation INSTANCE_LISTENERS) (5)",
    "
",
    " at <BImg",
    "key=2",
    "class="m-4"",
    "height="160"",
    " ...",
    ">",
    "
",
    " at <BCol",
    "md="10"",
    "offset-md="1"",
    "class="text-center"",
    ">",
    "
",
    " at <BRow>",
    "
",
    " at <BContainer>",
    "
",
    " at <Transition",
    "onBeforeEnter=fn<bound onBeforeEnter>",
    "onEnter=fn<bound onEnter>",
    "onAfterEnter=fn<bound onAfterEnter>",
    " ...",
    ">",
    "
",
    " at <BModal",
    "data-testid="export-modal"",
    "id="export-modal"",
    "ok-only=""",
    " ...",
    ">",
    "
",
    " at <ReportExportModal",
    "isTesting=true",
    "status="download"",
    "ref="VTU_COMPONENT"",
    ">",
    "
",
    " at <VTUROOT>",
  ],
  [
    "[Vue warn]: (deprecation GLOBAL_EXTEND) (4)",
    "
",
    " at <ButtonWithSpinner",
    "key=3",
    "class="mb-4"",
    "data-testid="fr-history-export-download-button"",
    " ...",
    ">",
    "
",
    " at <BCol",
    "md="10"",
    "offset-md="1"",
    "class="text-center"",
    ">",
    "
",
    " at <BRow>",
    "
",
    " at <BContainer>",
    "
",
    " at <Transition",
    "onBeforeEnter=fn<bound onBeforeEnter>",
    "onEnter=fn<bound onEnter>",
    "onAfterEnter=fn<bound onAfterEnter>",
    " ...",
    ">",
    "
",
    " at <BModal",
    "data-testid="export-modal"",
    "id="export-modal"",
    "ok-only=""",
    " ...",
    ">",
    "
",
    " at <ReportExportModal",
    "isTesting=true",
    "status="download"",
    "ref="VTU_COMPONENT"",
    ">",
    "
",
    " at <VTUROOT>",
  ],
  [
    "[Vue warn]: (deprecation COMPONENT_FUNCTIONAL) (3)",
    "
",
    " at <ButtonWithSpinner",
    "key=3",
    "class="mb-4"",
    "data-testid="fr-history-export-download-button"",
    " ...",
    ">",
    "
",
    " at <BCol",
    "md="10"",
    "offset-md="1"",
    "class="text-center"",
    ">",
    "
",
    " at <BRow>",
    "
",
    " at <BContainer>",
    "
",
    " at <Transition",
    "onBeforeEnter=fn<bound onBeforeEnter>",
    "onEnter=fn<bound onEnter>",
    "onAfterEnter=fn<bound onAfterEnter>",
    " ...",
    ">",
    "
",
    " at <BModal",
    "data-testid="export-modal"",
    "id="export-modal"",
    "ok-only=""",
    " ...",
    ">",
    "
",
    " at <ReportExportModal",
    "isTesting=true",
    "status="download"",
    "ref="VTU_COMPONENT"",
    ">",
    "
",
    " at <VTUROOT>",
  ],
]
`;

exports[`Report Export modal component @renders ensures that the status of the modal is in loading state on mount: console-warn-snapshot 1`] = `
[
  [
    "[Vue warn]: (deprecation RENDER_FUNCTION) Vue 3's render function API has changed. You can opt-in to the new API with:

  configureCompat({ RENDER_FUNCTION: false })

  (This can also be done per-component via the "compatConfig" option.)
  Details: https://v3-migration.vuejs.org/breaking-changes/render-function-api.html",
    "
",
    " at <VTUROOT>",
  ],
  [
    "[Vue warn]: (deprecation GLOBAL_EXTEND) (2)",
    "
",
    " at <ReportExportModal",
    "isTesting=true",
    "ref="VTU_COMPONENT"",
    ">",
    "
",
    " at <VTUROOT>",
  ],
  [
    "[Vue warn]: (deprecation RENDER_FUNCTION) (2)",
    "
",
    " at <BModal",
    "data-testid="export-modal"",
    "id="export-modal"",
    "ok-only=""",
    " ...",
    ">",
    "
",
    " at <ReportExportModal",
    "isTesting=true",
    "ref="VTU_COMPONENT"",
    ">",
    "
",
    " at <VTUROOT>",
  ],
  [
    "[Vue warn]: (deprecation OPTIONS_BEFORE_DESTROY) \`beforeDestroy\` has been renamed to \`beforeUnmount\`.",
    "
",
    " at <BModal",
    "data-testid="export-modal"",
    "id="export-modal"",
    "ok-only=""",
    " ...",
    ">",
    "
",
    " at <ReportExportModal",
    "isTesting=true",
    "ref="VTU_COMPONENT"",
    ">",
    "
",
    " at <VTUROOT>",
  ],
  [
    "[Vue warn]: (deprecation INSTANCE_SCOPED_SLOTS) vm.$scopedSlots has been removed. Use vm.$slots instead.
  Details: https://v3-migration.vuejs.org/breaking-changes/slots-unification.html",
    "
",
    " at <BModal",
    "data-testid="export-modal"",
    "id="export-modal"",
    "ok-only=""",
    " ...",
    ">",
    "
",
    " at <ReportExportModal",
    "isTesting=true",
    "ref="VTU_COMPONENT"",
    ">",
    "
",
    " at <VTUROOT>",
  ],
  [
    "[Vue warn]: (deprecation GLOBAL_EXTEND) (3)",
    "
",
    " at <BModal",
    "data-testid="export-modal"",
    "id="export-modal"",
    "ok-only=""",
    " ...",
    ">",
    "
",
    " at <ReportExportModal",
    "isTesting=true",
    "ref="VTU_COMPONENT"",
    ">",
    "
",
    " at <VTUROOT>",
  ],
  [
    "[Vue warn]: (deprecation COMPONENT_FUNCTIONAL) Functional component <BButtonClose> should be defined as a plain function in Vue 3. The "functional" option has been removed. NOTE: Before migrating to use plain functions for functional components, first make sure that all async components usage have been migrated and its compat behavior has been disabled.
  Details: https://v3-migration.vuejs.org/breaking-changes/functional-components.html",
    "
",
    " at <BModal",
    "data-testid="export-modal"",
    "id="export-modal"",
    "ok-only=""",
    " ...",
    ">",
    "
",
    " at <ReportExportModal",
    "isTesting=true",
    "ref="VTU_COMPONENT"",
    ">",
    "
",
    " at <VTUROOT>",
  ],
  [
    "[Vue warn]: (deprecation COMPONENT_FUNCTIONAL) (2)",
    "
",
    " at <BModal",
    "data-testid="export-modal"",
    "id="export-modal"",
    "ok-only=""",
    " ...",
    ">",
    "
",
    " at <ReportExportModal",
    "isTesting=true",
    "ref="VTU_COMPONENT"",
    ">",
    "
",
    " at <VTUROOT>",
  ],
  [
    "[Vue warn]: (deprecation INSTANCE_LISTENERS) vm.$listeners has been removed. In Vue 3, parent v-on listeners are included in vm.$attrs and it is no longer necessary to separately use v-on="$listeners" if you are already using v-bind="$attrs". (Note: the Vue 3 behavior only applies if this compat config is disabled)
  Details: https://v3-migration.vuejs.org/breaking-changes/listeners-removed.html",
    "
",
    " at <BButtonClose",
    "onClick=fn<bound onClose>",
    "ref="close-button"",
    "content="&times;"",
    " ...",
    ">",
    "
",
    " at <Transition",
    "onBeforeEnter=fn<bound onBeforeEnter>",
    "onEnter=fn<bound onEnter>",
    "onAfterEnter=fn<bound onAfterEnter>",
    " ...",
    ">",
    "
",
    " at <BModal",
    "data-testid="export-modal"",
    "id="export-modal"",
    "ok-only=""",
    " ...",
    ">",
    "
",
    " at <ReportExportModal",
    "isTesting=true",
    "ref="VTU_COMPONENT"",
    ">",
    "
",
    " at <VTUROOT>",
  ],
  [
    "[Vue warn]: (deprecation INSTANCE_LISTENERS) (2)",
    "
",
    " at <BContainer>",
    "
",
    " at <Transition",
    "onBeforeEnter=fn<bound onBeforeEnter>",
    "onEnter=fn<bound onEnter>",
    "onAfterEnter=fn<bound onAfterEnter>",
    " ...",
    ">",
    "
",
    " at <BModal",
    "data-testid="export-modal"",
    "id="export-modal"",
    "ok-only=""",
    " ...",
    ">",
    "
",
    " at <ReportExportModal",
    "isTesting=true",
    "ref="VTU_COMPONENT"",
    ">",
    "
",
    " at <VTUROOT>",
  ],
  [
    "[Vue warn]: (deprecation INSTANCE_LISTENERS) (3)",
    "
",
    " at <BButton",
    "textContent="Close"",
    "onClick=fn<bound onOk>",
    "ref="ok-button"",
    " ...",
    ">",
    "
",
    " at <Transition",
    "onBeforeEnter=fn<bound onBeforeEnter>",
    "onEnter=fn<bound onEnter>",
    "onAfterEnter=fn<bound onAfterEnter>",
    " ...",
    ">",
    "
",
    " at <BModal",
    "data-testid="export-modal"",
    "id="export-modal"",
    "ok-only=""",
    " ...",
    ">",
    "
",
    " at <ReportExportModal",
    "isTesting=true",
    "ref="VTU_COMPONENT"",
    ">",
    "
",
    " at <VTUROOT>",
  ],
  [
    "[Vue warn]: (deprecation ATTR_FALSE_VALUE) Attribute "appear" with v-bind value \`false\` will render appear="false" instead of removing it in Vue 3. To remove the attribute, use \`null\` or \`undefined\` instead. If the usage is intended, you can disable the compat behavior and suppress this warning with:

  configureCompat({ ATTR_FALSE_VALUE: false })

  Details: https://v3-migration.vuejs.org/breaking-changes/attribute-coercion.html",
    "
",
    " at <Transition",
    "onBeforeEnter=fn<bound onBeforeEnter>",
    "onEnter=fn<bound onEnter>",
    "onAfterEnter=fn<bound onAfterEnter>",
    " ...",
    ">",
    "
",
    " at <BModal",
    "data-testid="export-modal"",
    "id="export-modal"",
    "ok-only=""",
    " ...",
    ">",
    "
",
    " at <ReportExportModal",
    "isTesting=true",
    "ref="VTU_COMPONENT"",
    ">",
    "
",
    " at <VTUROOT>",
  ],
  [
    "[Vue warn]: (deprecation ATTR_FALSE_VALUE) Attribute "persisted" with v-bind value \`false\` will render persisted="false" instead of removing it in Vue 3. To remove the attribute, use \`null\` or \`undefined\` instead. If the usage is intended, you can disable the compat behavior and suppress this warning with:

  configureCompat({ ATTR_FALSE_VALUE: false })

  Details: https://v3-migration.vuejs.org/breaking-changes/attribute-coercion.html",
    "
",
    " at <Transition",
    "onBeforeEnter=fn<bound onBeforeEnter>",
    "onEnter=fn<bound onEnter>",
    "onAfterEnter=fn<bound onAfterEnter>",
    " ...",
    ">",
    "
",
    " at <BModal",
    "data-testid="export-modal"",
    "id="export-modal"",
    "ok-only=""",
    " ...",
    ">",
    "
",
    " at <ReportExportModal",
    "isTesting=true",
    "ref="VTU_COMPONENT"",
    ">",
    "
",
    " at <VTUROOT>",
  ],
  [
    "[Vue warn]: (deprecation INSTANCE_LISTENERS) (4)",
    "
",
    " at <BVTransition",
    "noFade=false",
    ">",
    "
",
    " at <BModal",
    "data-testid="export-modal"",
    "id="export-modal"",
    "ok-only=""",
    " ...",
    ">",
    "
",
    " at <ReportExportModal",
    "isTesting=true",
    "ref="VTU_COMPONENT"",
    ">",
    "
",
    " at <VTUROOT>",
  ],
  [
    "[Vue warn]: (deprecation INSTANCE_EVENT_EMITTER) vm.$on/$once/$off() have been removed. Use an external event emitter library instead.
  Details: https://v3-migration.vuejs.org/breaking-changes/events-api.html",
  ],
]
`;
