// Jest Snapshot v1, https://goo.gl/fbAQLP

exports[`RejectRequest Subtitle should contain reject: console-warn-snapshot 1`] = `
[
  [
    "[Vue warn]: (deprecation RENDER_FUNCTION) Vue 3's render function API has changed. You can opt-in to the new API with:

  configureCompat({ RENDER_FUNCTION: false })

  (This can also be done per-component via the "compatConfig" option.)
  Details: https://v3-migration.vuejs.org/breaking-changes/render-function-api.html",
    "
",
    " at <VTUROOT>",
  ],
  [
    "[Vue warn]: (deprecation INSTANCE_LISTENERS) vm.$listeners has been removed. In Vue 3, parent v-on listeners are included in vm.$attrs and it is no longer necessary to separately use v-on="$listeners" if you are already using v-bind="$attrs". (Note: the Vue 3 behavior only applies if this compat config is disabled)
  Details: https://v3-migration.vuejs.org/breaking-changes/listeners-removed.html",
    "
",
    " at <FrField",
    "onInput=fn",
    "class="mb-4"",
    "type="textarea"",
    " ...",
    ">",
    "
",
    " at <RejectRequest",
    "ref="VTU_COMPONENT"",
    ">",
    "
",
    " at <VTUROOT>",
  ],
  [
    "[Vue warn]: (deprecation WATCH_ARRAY) (2)",
    "
",
    " at <TextArea",
    "onInput=",
    [
      [Function],
      [Function],
    ],
    "type="textarea"",
    "validation="required"",
    " ...",
    ">",
    "
",
    " at <FrField",
    "onInput=fn",
    "class="mb-4"",
    "type="textarea"",
    " ...",
    ">",
    "
",
    " at <RejectRequest",
    "ref="VTU_COMPONENT"",
    ">",
    "
",
    " at <VTUROOT>",
  ],
]
`;
