// Jest Snapshot v1, https://goo.gl/fbAQLP

exports[`Sharing.vue Resources page loaded 1`] = `
<div>
  <div role="toolbar" aria-label="Toolbar with button groups" class="btn-toolbar row mb-4">
    <div class="input-group col-sm-4">
      <div class="input-group-prepend">
        <div id="btnGroupAddon" class="input-group-text"><i class="material-icons-outlined md-24">
            search
          </i></div>
      </div> <input type="text" aria-label="Search" aria-describedby="btnGroupAddon" placeholder="Search..." class="form-control">
    </div>
    <div class="col">
      <bdropdown-stub text="" right="true" offset="0" toggletext="Toggle Dropdown" variant="link" toggletag="button" splitbuttontype="button" role="menu" boundary="scrollParent" class="float-right text-muted">
        <bdropdownheader-stub tag="header">View as</bdropdownheader-stub>
        <bdropdownitem-stub href="#" target="_self" event="click" routertag="a">
          <div class="media">
            <div class="d-flex align-self-center text-center" style="min-width: 1.5rem;"><i class="material-icons-outlined md-16 font-weight-bolder text-success">
                check
              </i></div>
            <div class="media-body">
              List
            </div>
            <div class="d-flex ml-3 align-self-center text-muted"><i class="material-icons-outlined md-24">
                format_list_bulleted
              </i></div>
          </div>
        </bdropdownitem-stub>
        <bdropdownitem-stub href="#" target="_self" event="click" routertag="a">
          <div class="media">
            <div class="d-flex align-self-center text-center" style="min-width: 1.5rem;">
              <!---->
            </div>
            <div class="media-body">
              Grid
            </div>
            <div class="d-flex ml-3 align-self-center text-muted"><i class="material-icons-outlined md-24">
                apps
              </i></div>
          </div>
        </bdropdownitem-stub>
      </bdropdown-stub>
    </div>
  </div>
  <div id="listView">
    <bcard-stub bodytag="div" title="" titletag="h4" subtitle="" subtitletag="h6" subtitletextvariant="muted" headertag="div" footertag="div" tag="div" nobody="true" class="my-4">
      <blistgroup-stub tag="div" flush="true"></blistgroup-stub>
    </bcard-stub>
  </div>
  <!---->
</div>
`;
