// Jest Snapshot v1, https://goo.gl/fbAQLP

exports[`SelectInput @renders default: console-warn-snapshot 1`] = `
[
  [
    "[Vue warn]: (deprecation RENDER_FUNCTION) Vue 3's render function API has changed. You can opt-in to the new API with:

  configureCompat({ RENDER_FUNCTION: false })

  (This can also be done per-component via the "compatConfig" option.)
  Details: https://v3-migration.vuejs.org/breaking-changes/render-function-api.html",
    "
",
    " at <VTUROOT>",
  ],
  [
    "[Vue warn]: (deprecation WATCH_ARRAY) "watch" option or vm.$watch on an array value will no longer trigger on array mutation unless the "deep" option is specified. If current usage is intended, you can disable the compat behavior and suppress this warning with:

  configureCompat({ WATCH_ARRAY: false })

  Details: https://v3-migration.vuejs.org/breaking-changes/watch.html",
    "
",
    " at <SelectInput",
    "name="stub-name"",
    "testid="stub-testid"",
    "options=",
    [],
    " ...",
    ">",
    "
",
    " at <VTUROOT>",
  ],
  [
    "[Vue warn]: (deprecation WATCH_ARRAY) (2)",
    "
",
    " at <VueMultiselect",
    "id="floatingLabelInput1"",
    "ref="vms"",
    "value=""",
    " ...",
    ">",
    "
",
    " at <InputLayout",
    "id="floatingLabelInput1"",
    "name="stub-name"",
    "description=""",
    " ...",
    ">",
    "
",
    " at <SelectInput",
    "name="stub-name"",
    "testid="stub-testid"",
    "options=",
    [],
    " ...",
    ">",
    "
",
    " at <VTUROOT>",
  ],
  [
    "[Vue warn]: (deprecation ATTR_FALSE_VALUE) Attribute "appear" with v-bind value \`false\` will render appear="false" instead of removing it in Vue 3. To remove the attribute, use \`null\` or \`undefined\` instead. If the usage is intended, you can disable the compat behavior and suppress this warning with:

  configureCompat({ ATTR_FALSE_VALUE: false })

  Details: https://v3-migration.vuejs.org/breaking-changes/attribute-coercion.html",
    "
",
    " at <Transition",
    "name="multiselect__loading"",
    ">",
    "
",
    " at <VueMultiselect",
    "id="floatingLabelInput1"",
    "ref="vms"",
    "value=""",
    " ...",
    ">",
    "
",
    " at <InputLayout",
    "id="floatingLabelInput1"",
    "name="stub-name"",
    "description=""",
    " ...",
    ">",
    "
",
    " at <SelectInput",
    "name="stub-name"",
    "testid="stub-testid"",
    "options=",
    [],
    " ...",
    ">",
    "
",
    " at <VTUROOT>",
  ],
  [
    "[Vue warn]: (deprecation ATTR_FALSE_VALUE) Attribute "persisted" with v-bind value \`false\` will render persisted="false" instead of removing it in Vue 3. To remove the attribute, use \`null\` or \`undefined\` instead. If the usage is intended, you can disable the compat behavior and suppress this warning with:

  configureCompat({ ATTR_FALSE_VALUE: false })

  Details: https://v3-migration.vuejs.org/breaking-changes/attribute-coercion.html",
    "
",
    " at <Transition",
    "name="multiselect__loading"",
    ">",
    "
",
    " at <VueMultiselect",
    "id="floatingLabelInput1"",
    "ref="vms"",
    "value=""",
    " ...",
    ">",
    "
",
    " at <InputLayout",
    "id="floatingLabelInput1"",
    "name="stub-name"",
    "description=""",
    " ...",
    ">",
    "
",
    " at <SelectInput",
    "name="stub-name"",
    "testid="stub-testid"",
    "options=",
    [],
    " ...",
    ">",
    "
",
    " at <VTUROOT>",
  ],
  [
    "[Vue warn]: (deprecation ATTR_ENUMERATED_COERCION) Enumerated attribute "spellcheck" with v-bind value \`false\` will render the value as-is instead of coercing the value to "true" in Vue 3. Always use explicit "true" or "false" values for enumerated attributes. If the usage is intended, you can disable the compat behavior and suppress this warning with:

  configureCompat({ ATTR_ENUMERATED_COERCION: false })

  Details: https://v3-migration.vuejs.org/breaking-changes/attribute-coercion.html",
    "
",
    " at <VueMultiselect",
    "id="floatingLabelInput1"",
    "ref="vms"",
    "value=""",
    " ...",
    ">",
    "
",
    " at <InputLayout",
    "id="floatingLabelInput1"",
    "name="stub-name"",
    "description=""",
    " ...",
    ">",
    "
",
    " at <SelectInput",
    "name="stub-name"",
    "testid="stub-testid"",
    "options=",
    [],
    " ...",
    ">",
    "
",
    " at <VTUROOT>",
  ],
]
`;
