// Jest Snapshot v1, https://goo.gl/fbAQLP

exports[`ChoiceCallback Sets selected and choices/options data: console-warn-snapshot 1`] = `
[
  [
    "[Vue warn]: (deprecation RENDER_FUNCTION) Vue 3's render function API has changed. You can opt-in to the new API with:

  configureCompat({ RENDER_FUNCTION: false })

  (This can also be done per-component via the "compatConfig" option.)
  Details: https://v3-migration.vuejs.org/breaking-changes/render-function-api.html",
    "
",
    " at <VTUROOT>",
  ],
  [
    "[Vue warn]: (deprecation COMPONENT_V_MODEL) v-model usage on component has changed in Vue 3. Component that expects to work with v-model should now use the "modelValue" prop and emit the "update:modelValue" event. You can update the usage and then opt-in to Vue 3 behavior on a per-component basis with \`compatConfig: { COMPONENT_V_MODEL: false }\`.
  Details: https://v3-migration.vuejs.org/breaking-changes/v-model.html",
    "
",
    " at <FrField",
    "key=1",
    "modelValue=0",
    "onUpdate:modelValue=fn",
    " ...",
    ">",
  ],
  [
    "[Vue warn]: (deprecation INSTANCE_LISTENERS) vm.$listeners has been removed. In Vue 3, parent v-on listeners are included in vm.$attrs and it is no longer necessary to separately use v-on="$listeners" if you are already using v-bind="$attrs". (Note: the Vue 3 behavior only applies if this compat config is disabled)
  Details: https://v3-migration.vuejs.org/breaking-changes/listeners-removed.html",
    "
",
    " at <FrField",
    "key=1",
    "type="select"",
    "autofocus=false",
    " ...",
    ">",
    "
",
    " at <ChoiceCallback",
    "callback=",
    {
      "getChoices": [Function],
      "getDefaultChoice": [Function],
      "getPrompt": [Function],
      "setInputValue": [MockFunction],
    },
    "index=5",
    "ref="VTU_COMPONENT"",
    ">",
    "
",
    " at <VTUROOT>",
  ],
  [
    "[Vue warn]: (deprecation WATCH_ARRAY) (2)",
    "
",
    " at <SelectInput",
    "key=1",
    "type="select"",
    "autofocus=false",
    " ...",
    ">",
    "
",
    " at <FrField",
    "key=1",
    "type="select"",
    "autofocus=false",
    " ...",
    ">",
    "
",
    " at <ChoiceCallback",
    "callback=",
    {
      "getChoices": [Function],
      "getDefaultChoice": [Function],
      "getPrompt": [Function],
      "setInputValue": [MockFunction],
    },
    "index=5",
    "ref="VTU_COMPONENT"",
    ">",
    "
",
    " at <VTUROOT>",
  ],
  [
    "[Vue warn]: (deprecation WATCH_ARRAY) (3)",
    "
",
    " at <VueMultiselect",
    "id="floatingLabelInput5"",
    "ref="vms"",
    "value=""",
    " ...",
    ">",
    "
",
    " at <InputLayout",
    "id="floatingLabelInput5"",
    "name="callback_5"",
    "description=""",
    " ...",
    ">",
    "
",
    " at <SelectInput",
    "key=1",
    "type="select"",
    "autofocus=false",
    " ...",
    ">",
    "
",
    " at <FrField",
    "key=1",
    "type="select"",
    "autofocus=false",
    " ...",
    ">",
    "
",
    " at <ChoiceCallback",
    "callback=",
    {
      "getChoices": [Function],
      "getDefaultChoice": [Function],
      "getPrompt": [Function],
      "setInputValue": [MockFunction],
    },
    "index=5",
    "ref="VTU_COMPONENT"",
    ">",
    "
",
    " at <VTUROOT>",
  ],
  [
    "[Vue warn]: (deprecation ATTR_FALSE_VALUE) Attribute "appear" with v-bind value \`false\` will render appear="false" instead of removing it in Vue 3. To remove the attribute, use \`null\` or \`undefined\` instead. If the usage is intended, you can disable the compat behavior and suppress this warning with:

  configureCompat({ ATTR_FALSE_VALUE: false })

  Details: https://v3-migration.vuejs.org/breaking-changes/attribute-coercion.html",
    "
",
    " at <Transition",
    "name="multiselect__loading"",
    ">",
    "
",
    " at <VueMultiselect",
    "id="floatingLabelInput5"",
    "ref="vms"",
    "value=""",
    " ...",
    ">",
    "
",
    " at <InputLayout",
    "id="floatingLabelInput5"",
    "name="callback_5"",
    "description=""",
    " ...",
    ">",
    "
",
    " at <SelectInput",
    "key=1",
    "type="select"",
    "autofocus=false",
    " ...",
    ">",
    "
",
    " at <FrField",
    "key=1",
    "type="select"",
    "autofocus=false",
    " ...",
    ">",
    "
",
    " at <ChoiceCallback",
    "callback=",
    {
      "getChoices": [Function],
      "getDefaultChoice": [Function],
      "getPrompt": [Function],
      "setInputValue": [MockFunction],
    },
    "index=5",
    "ref="VTU_COMPONENT"",
    ">",
    "
",
    " at <VTUROOT>",
  ],
  [
    "[Vue warn]: (deprecation ATTR_FALSE_VALUE) Attribute "persisted" with v-bind value \`false\` will render persisted="false" instead of removing it in Vue 3. To remove the attribute, use \`null\` or \`undefined\` instead. If the usage is intended, you can disable the compat behavior and suppress this warning with:

  configureCompat({ ATTR_FALSE_VALUE: false })

  Details: https://v3-migration.vuejs.org/breaking-changes/attribute-coercion.html",
    "
",
    " at <Transition",
    "name="multiselect__loading"",
    ">",
    "
",
    " at <VueMultiselect",
    "id="floatingLabelInput5"",
    "ref="vms"",
    "value=""",
    " ...",
    ">",
    "
",
    " at <InputLayout",
    "id="floatingLabelInput5"",
    "name="callback_5"",
    "description=""",
    " ...",
    ">",
    "
",
    " at <SelectInput",
    "key=1",
    "type="select"",
    "autofocus=false",
    " ...",
    ">",
    "
",
    " at <FrField",
    "key=1",
    "type="select"",
    "autofocus=false",
    " ...",
    ">",
    "
",
    " at <ChoiceCallback",
    "callback=",
    {
      "getChoices": [Function],
      "getDefaultChoice": [Function],
      "getPrompt": [Function],
      "setInputValue": [MockFunction],
    },
    "index=5",
    "ref="VTU_COMPONENT"",
    ">",
    "
",
    " at <VTUROOT>",
  ],
  [
    "[Vue warn]: (deprecation ATTR_ENUMERATED_COERCION) Enumerated attribute "spellcheck" with v-bind value \`false\` will render the value as-is instead of coercing the value to "true" in Vue 3. Always use explicit "true" or "false" values for enumerated attributes. If the usage is intended, you can disable the compat behavior and suppress this warning with:

  configureCompat({ ATTR_ENUMERATED_COERCION: false })

  Details: https://v3-migration.vuejs.org/breaking-changes/attribute-coercion.html",
    "
",
    " at <VueMultiselect",
    "id="floatingLabelInput5"",
    "ref="vms"",
    "value=""",
    " ...",
    ">",
    "
",
    " at <InputLayout",
    "id="floatingLabelInput5"",
    "name="callback_5"",
    "description=""",
    " ...",
    ">",
    "
",
    " at <SelectInput",
    "key=1",
    "type="select"",
    "autofocus=false",
    " ...",
    ">",
    "
",
    " at <FrField",
    "key=1",
    "type="select"",
    "autofocus=false",
    " ...",
    ">",
    "
",
    " at <ChoiceCallback",
    "callback=",
    {
      "getChoices": [Function],
      "getDefaultChoice": [Function],
      "getPrompt": [Function],
      "setInputValue": [MockFunction],
    },
    "index=5",
    "ref="VTU_COMPONENT"",
    ">",
    "
",
    " at <VTUROOT>",
  ],
  [
    "[Vue warn]: (deprecation ATTR_FALSE_VALUE) Attribute "autofocus" with v-bind value \`false\` will render autofocus="false" instead of removing it in Vue 3. To remove the attribute, use \`null\` or \`undefined\` instead. If the usage is intended, you can disable the compat behavior and suppress this warning with:

  configureCompat({ ATTR_FALSE_VALUE: false })

  Details: https://v3-migration.vuejs.org/breaking-changes/attribute-coercion.html",
    "
",
    " at <FrField",
    "key=1",
    "type="select"",
    "autofocus=false",
    " ...",
    ">",
    "
",
    " at <ChoiceCallback",
    "callback=",
    {
      "getChoices": [Function],
      "getDefaultChoice": [Function],
      "getPrompt": [Function],
      "setInputValue": [MockFunction],
    },
    "index=5",
    "ref="VTU_COMPONENT"",
    ">",
    "
",
    " at <VTUROOT>",
  ],
]
`;
