// Jest Snapshot v1, https://goo.gl/fbAQLP

exports[`Field Component uses bootstrap form tags component for tag type: console-error-snapshot 1`] = `
[
  [
    "^ The above deprecation's compat behavior is disabled and will likely lead to runtime errors.",
  ],
  [
    "^ The above deprecation's compat behavior is disabled and will likely lead to runtime errors.",
  ],
]
`;
