// Jest Snapshot v1, https://goo.gl/fbAQLP

exports[`Schema mixin isNestedProperty method identifies properties with more than two sub-properties as nested: console-warn-snapshot 1`] = `
[
  [
    "[Vue warn]: (deprecation RENDER_FUNCTION) Vue 3's render function API has changed. You can opt-in to the new API with:

  configureCompat({ RENDER_FUNCTION: false })

  (This can also be done per-component via the "compatConfig" option.)
  Details: https://v3-migration.vuejs.org/breaking-changes/render-function-api.html",
    "
",
    " at <VTUROOT>",
  ],
  [
    "[Vue warn]: (deprecation CONFIG_WHITESPACE) Vue 3 compiler's whitespace option will default to "condense" instead of "preserve". To suppress this warning, provide an explicit value for \`config.compilerOptions.whitespace\`.",
    "
",
    " at <Anonymous",
    "ref="VTU_COMPONENT"",
    ">",
    "
",
    " at <VTUROOT>",
  ],
]
`;
