// Jest Snapshot v1, https://goo.gl/fbAQLP

exports[`EsvDropdown Filters ESVs based on the query: console-warn-snapshot 1`] = `
[
  [
    "[Vue warn]: (deprecation INSTANCE_LISTENERS) (11)",
    "
",
    " at <BInputGroupAppend",
    "key=0",
    ">",
    "
",
    " at <BInputGroup>",
    "
",
    " at <SearchInput",
    "placeholder="Search variables"",
    "class="border-bottom border-top"",
    "value="your"",
    " ...",
    ">",
    "
",
    " at <BForm",
    "class="b-dropdown-form"",
    "onSubmit=fn",
    "onClick=fn",
    " ...",
    ">",
    "
",
    " at <BDropdownForm",
    "onSubmit=fn",
    "onClick=fn",
    ">",
    "
",
    " at <BDropdown",
    "right=""",
    "no-caret=""",
    "variant="link"",
    " ...",
    ">",
    "
",
    " at <EsvDropdown",
    "fieldType="checkbox"",
    "ref="VTU_COMPONENT"",
    ">",
    "
",
    " at <VTUROOT>",
  ],
  [
    "[Vue warn]: (deprecation GLOBAL_EXTEND) (8)",
    "
",
    " at <BInputGroupAppend",
    "key=0",
    ">",
    "
",
    " at <BInputGroup>",
    "
",
    " at <SearchInput",
    "placeholder="Search variables"",
    "class="border-bottom border-top"",
    "value="your"",
    " ...",
    ">",
    "
",
    " at <BForm",
    "class="b-dropdown-form"",
    "onSubmit=fn",
    "onClick=fn",
    " ...",
    ">",
    "
",
    " at <BDropdownForm",
    "onSubmit=fn",
    "onClick=fn",
    ">",
    "
",
    " at <BDropdown",
    "right=""",
    "no-caret=""",
    "variant="link"",
    " ...",
    ">",
    "
",
    " at <EsvDropdown",
    "fieldType="checkbox"",
    "ref="VTU_COMPONENT"",
    ">",
    "
",
    " at <VTUROOT>",
  ],
  [
    "[Vue warn]: (deprecation COMPONENT_FUNCTIONAL) (6)",
    "
",
    " at <BInputGroupAppend",
    "key=0",
    ">",
    "
",
    " at <BInputGroup>",
    "
",
    " at <SearchInput",
    "placeholder="Search variables"",
    "class="border-bottom border-top"",
    "value="your"",
    " ...",
    ">",
    "
",
    " at <BForm",
    "class="b-dropdown-form"",
    "onSubmit=fn",
    "onClick=fn",
    " ...",
    ">",
    "
",
    " at <BDropdownForm",
    "onSubmit=fn",
    "onClick=fn",
    ">",
    "
",
    " at <BDropdown",
    "right=""",
    "no-caret=""",
    "variant="link"",
    " ...",
    ">",
    "
",
    " at <EsvDropdown",
    "fieldType="checkbox"",
    "ref="VTU_COMPONENT"",
    ">",
    "
",
    " at <VTUROOT>",
  ],
]
`;

exports[`EsvDropdown displays a heading, search bar and relevant ESVs in the dropdown list: console-warn-snapshot 1`] = `
[
  [
    "[Vue warn]: (deprecation RENDER_FUNCTION) Vue 3's render function API has changed. You can opt-in to the new API with:

  configureCompat({ RENDER_FUNCTION: false })

  (This can also be done per-component via the "compatConfig" option.)
  Details: https://v3-migration.vuejs.org/breaking-changes/render-function-api.html",
    "
",
    " at <VTUROOT>",
  ],
  [
    "[Vue warn]: (deprecation GLOBAL_EXTEND) (2)",
    "
",
    " at <EsvDropdown",
    "fieldType="checkbox"",
    "ref="VTU_COMPONENT"",
    ">",
    "
",
    " at <VTUROOT>",
  ],
  [
    "[Vue warn]: (deprecation RENDER_FUNCTION) (2)",
    "
",
    " at <BDropdown",
    "right=""",
    "no-caret=""",
    "variant="link"",
    " ...",
    ">",
    "
",
    " at <EsvDropdown",
    "fieldType="checkbox"",
    "ref="VTU_COMPONENT"",
    ">",
    "
",
    " at <VTUROOT>",
  ],
  [
    "[Vue warn]: (deprecation OPTIONS_BEFORE_DESTROY) \`beforeDestroy\` has been renamed to \`beforeUnmount\`.",
    "
",
    " at <BDropdown",
    "right=""",
    "no-caret=""",
    "variant="link"",
    " ...",
    ">",
    "
",
    " at <EsvDropdown",
    "fieldType="checkbox"",
    "ref="VTU_COMPONENT"",
    ">",
    "
",
    " at <VTUROOT>",
  ],
  [
    "[Vue warn]: (deprecation INSTANCE_SCOPED_SLOTS) vm.$scopedSlots has been removed. Use vm.$slots instead.
  Details: https://v3-migration.vuejs.org/breaking-changes/slots-unification.html",
    "
",
    " at <BDropdown",
    "right=""",
    "no-caret=""",
    "variant="link"",
    " ...",
    ">",
    "
",
    " at <EsvDropdown",
    "fieldType="checkbox"",
    "ref="VTU_COMPONENT"",
    ">",
    "
",
    " at <VTUROOT>",
  ],
  [
    "[Vue warn]: (deprecation GLOBAL_EXTEND) (3)",
    "
",
    " at <BDropdown",
    "right=""",
    "no-caret=""",
    "variant="link"",
    " ...",
    ">",
    "
",
    " at <EsvDropdown",
    "fieldType="checkbox"",
    "ref="VTU_COMPONENT"",
    ">",
    "
",
    " at <VTUROOT>",
  ],
  [
    "[Vue warn]: (deprecation COMPONENT_FUNCTIONAL) Functional component <BButton> should be defined as a plain function in Vue 3. The "functional" option has been removed. NOTE: Before migrating to use plain functions for functional components, first make sure that all async components usage have been migrated and its compat behavior has been disabled.
  Details: https://v3-migration.vuejs.org/breaking-changes/functional-components.html",
    "
",
    " at <BDropdown",
    "right=""",
    "no-caret=""",
    "variant="link"",
    " ...",
    ">",
    "
",
    " at <EsvDropdown",
    "fieldType="checkbox"",
    "ref="VTU_COMPONENT"",
    ">",
    "
",
    " at <VTUROOT>",
  ],
  [
    "[Vue warn]: (deprecation COMPONENT_FUNCTIONAL) (2)",
    "
",
    " at <BDropdown",
    "right=""",
    "no-caret=""",
    "variant="link"",
    " ...",
    ">",
    "
",
    " at <EsvDropdown",
    "fieldType="checkbox"",
    "ref="VTU_COMPONENT"",
    ">",
    "
",
    " at <VTUROOT>",
  ],
  [
    "[Vue warn]: (deprecation INSTANCE_LISTENERS) vm.$listeners has been removed. In Vue 3, parent v-on listeners are included in vm.$attrs and it is no longer necessary to separately use v-on="$listeners" if you are already using v-bind="$attrs". (Note: the Vue 3 behavior only applies if this compat config is disabled)
  Details: https://v3-migration.vuejs.org/breaking-changes/listeners-removed.html",
    "
",
    " at <BButton",
    "class="dropdown-toggle text-decoration-none py-0 px-1 dropdown-toggle-no-caret"",
    "onMousedown=fn<bound onMousedown>",
    "onClick=fn<bound toggle>",
    " ...",
    ">",
    "
",
    " at <BDropdown",
    "right=""",
    "no-caret=""",
    "variant="link"",
    " ...",
    ">",
    "
",
    " at <EsvDropdown",
    "fieldType="checkbox"",
    "ref="VTU_COMPONENT"",
    ">",
    "
",
    " at <VTUROOT>",
  ],
  [
    "[Vue warn]: (deprecation INSTANCE_LISTENERS) (2)",
    "
",
    " at <BDropdownText>",
    "
",
    " at <BDropdown",
    "right=""",
    "no-caret=""",
    "variant="link"",
    " ...",
    ">",
    "
",
    " at <EsvDropdown",
    "fieldType="checkbox"",
    "ref="VTU_COMPONENT"",
    ">",
    "
",
    " at <VTUROOT>",
  ],
  [
    "[Vue warn]: (deprecation INSTANCE_LISTENERS) (3)",
    "
",
    " at <BDropdownForm",
    "onSubmit=fn",
    "onClick=fn",
    ">",
    "
",
    " at <BDropdown",
    "right=""",
    "no-caret=""",
    "variant="link"",
    " ...",
    ">",
    "
",
    " at <EsvDropdown",
    "fieldType="checkbox"",
    "ref="VTU_COMPONENT"",
    ">",
    "
",
    " at <VTUROOT>",
  ],
  [
    "[Vue warn]: (deprecation COMPONENT_V_MODEL) v-model usage on component has changed in Vue 3. Component that expects to work with v-model should now use the "modelValue" prop and emit the "update:modelValue" event. You can update the usage and then opt-in to Vue 3 behavior on a per-component basis with \`compatConfig: { COMPONENT_V_MODEL: false }\`.
  Details: https://v3-migration.vuejs.org/breaking-changes/v-model.html",
    "
",
    " at <SearchInput",
    "modelValue=""",
    "onUpdate:modelValue=fn",
    "placeholder="Search variables"",
    " ...",
    ">",
  ],
  [
    "[Vue warn]: (deprecation GLOBAL_EXTEND) (4)",
    "
",
    " at <BDropdownForm",
    "onSubmit=fn",
    "onClick=fn",
    ">",
    "
",
    " at <BDropdown",
    "right=""",
    "no-caret=""",
    "variant="link"",
    " ...",
    ">",
    "
",
    " at <EsvDropdown",
    "fieldType="checkbox"",
    "ref="VTU_COMPONENT"",
    ">",
    "
",
    " at <VTUROOT>",
  ],
  [
    "[Vue warn]: (deprecation COMPONENT_FUNCTIONAL) (3)",
    "
",
    " at <BDropdownForm",
    "onSubmit=fn",
    "onClick=fn",
    ">",
    "
",
    " at <BDropdown",
    "right=""",
    "no-caret=""",
    "variant="link"",
    " ...",
    ">",
    "
",
    " at <EsvDropdown",
    "fieldType="checkbox"",
    "ref="VTU_COMPONENT"",
    ">",
    "
",
    " at <VTUROOT>",
  ],
  [
    "[Vue warn]: (deprecation INSTANCE_LISTENERS) (4)",
    "
",
    " at <BForm",
    "class="b-dropdown-form"",
    "onSubmit=fn",
    "onClick=fn",
    " ...",
    ">",
    "
",
    " at <BDropdownForm",
    "onSubmit=fn",
    "onClick=fn",
    ">",
    "
",
    " at <BDropdown",
    "right=""",
    "no-caret=""",
    "variant="link"",
    " ...",
    ">",
    "
",
    " at <EsvDropdown",
    "fieldType="checkbox"",
    "ref="VTU_COMPONENT"",
    ">",
    "
",
    " at <VTUROOT>",
  ],
  [
    "[Vue warn]: (deprecation GLOBAL_EXTEND) (5)",
    "
",
    " at <SearchInput",
    "placeholder="Search variables"",
    "class="border-bottom border-top"",
    "value=""",
    " ...",
    ">",
    "
",
    " at <BForm",
    "class="b-dropdown-form"",
    "onSubmit=fn",
    "onClick=fn",
    " ...",
    ">",
    "
",
    " at <BDropdownForm",
    "onSubmit=fn",
    "onClick=fn",
    ">",
    "
",
    " at <BDropdown",
    "right=""",
    "no-caret=""",
    "variant="link"",
    " ...",
    ">",
    "
",
    " at <EsvDropdown",
    "fieldType="checkbox"",
    "ref="VTU_COMPONENT"",
    ">",
    "
",
    " at <VTUROOT>",
  ],
  [
    "[Vue warn]: (deprecation COMPONENT_FUNCTIONAL) (4)",
    "
",
    " at <SearchInput",
    "placeholder="Search variables"",
    "class="border-bottom border-top"",
    "value=""",
    " ...",
    ">",
    "
",
    " at <BForm",
    "class="b-dropdown-form"",
    "onSubmit=fn",
    "onClick=fn",
    " ...",
    ">",
    "
",
    " at <BDropdownForm",
    "onSubmit=fn",
    "onClick=fn",
    ">",
    "
",
    " at <BDropdown",
    "right=""",
    "no-caret=""",
    "variant="link"",
    " ...",
    ">",
    "
",
    " at <EsvDropdown",
    "fieldType="checkbox"",
    "ref="VTU_COMPONENT"",
    ">",
    "
",
    " at <VTUROOT>",
  ],
  [
    "[Vue warn]: (deprecation INSTANCE_LISTENERS) (5)",
    "
",
    " at <BInputGroup>",
    "
",
    " at <SearchInput",
    "placeholder="Search variables"",
    "class="border-bottom border-top"",
    "value=""",
    " ...",
    ">",
    "
",
    " at <BForm",
    "class="b-dropdown-form"",
    "onSubmit=fn",
    "onClick=fn",
    " ...",
    ">",
    "
",
    " at <BDropdownForm",
    "onSubmit=fn",
    "onClick=fn",
    ">",
    "
",
    " at <BDropdown",
    "right=""",
    "no-caret=""",
    "variant="link"",
    " ...",
    ">",
    "
",
    " at <EsvDropdown",
    "fieldType="checkbox"",
    "ref="VTU_COMPONENT"",
    ">",
    "
",
    " at <VTUROOT>",
  ],
  [
    "[Vue warn]: (deprecation COMPONENT_V_MODEL) (2)",
    "
",
    " at <BFormInput",
    "ref="searchInput"",
    "placeholder="Search variables"",
    "aria-label="Search variables"",
    " ...",
    ">",
  ],
  [
    "[Vue warn]: (deprecation INSTANCE_LISTENERS) (6)",
    "
",
    " at <BInputGroupPrepend>",
    "
",
    " at <BInputGroup>",
    "
",
    " at <SearchInput",
    "placeholder="Search variables"",
    "class="border-bottom border-top"",
    "value=""",
    " ...",
    ">",
    "
",
    " at <BForm",
    "class="b-dropdown-form"",
    "onSubmit=fn",
    "onClick=fn",
    " ...",
    ">",
    "
",
    " at <BDropdownForm",
    "onSubmit=fn",
    "onClick=fn",
    ">",
    "
",
    " at <BDropdown",
    "right=""",
    "no-caret=""",
    "variant="link"",
    " ...",
    ">",
    "
",
    " at <EsvDropdown",
    "fieldType="checkbox"",
    "ref="VTU_COMPONENT"",
    ">",
    "
",
    " at <VTUROOT>",
  ],
  [
    "[Vue warn]: (deprecation GLOBAL_EXTEND) (6)",
    "
",
    " at <BInputGroupPrepend>",
    "
",
    " at <BInputGroup>",
    "
",
    " at <SearchInput",
    "placeholder="Search variables"",
    "class="border-bottom border-top"",
    "value=""",
    " ...",
    ">",
    "
",
    " at <BForm",
    "class="b-dropdown-form"",
    "onSubmit=fn",
    "onClick=fn",
    " ...",
    ">",
    "
",
    " at <BDropdownForm",
    "onSubmit=fn",
    "onClick=fn",
    ">",
    "
",
    " at <BDropdown",
    "right=""",
    "no-caret=""",
    "variant="link"",
    " ...",
    ">",
    "
",
    " at <EsvDropdown",
    "fieldType="checkbox"",
    "ref="VTU_COMPONENT"",
    ">",
    "
",
    " at <VTUROOT>",
  ],
  [
    "[Vue warn]: (deprecation COMPONENT_FUNCTIONAL) (5)",
    "
",
    " at <BInputGroupPrepend>",
    "
",
    " at <BInputGroup>",
    "
",
    " at <SearchInput",
    "placeholder="Search variables"",
    "class="border-bottom border-top"",
    "value=""",
    " ...",
    ">",
    "
",
    " at <BForm",
    "class="b-dropdown-form"",
    "onSubmit=fn",
    "onClick=fn",
    " ...",
    ">",
    "
",
    " at <BDropdownForm",
    "onSubmit=fn",
    "onClick=fn",
    ">",
    "
",
    " at <BDropdown",
    "right=""",
    "no-caret=""",
    "variant="link"",
    " ...",
    ">",
    "
",
    " at <EsvDropdown",
    "fieldType="checkbox"",
    "ref="VTU_COMPONENT"",
    ">",
    "
",
    " at <VTUROOT>",
  ],
  [
    "[Vue warn]: (deprecation INSTANCE_LISTENERS) (7)",
    "
",
    " at <BInputGroupAddon",
    "id=undefined",
    "isText=false",
    "tag="div"",
    " ...",
    ">",
    "
",
    " at <BInputGroupPrepend>",
    "
",
    " at <BInputGroup>",
    "
",
    " at <SearchInput",
    "placeholder="Search variables"",
    "class="border-bottom border-top"",
    "value=""",
    " ...",
    ">",
    "
",
    " at <BForm",
    "class="b-dropdown-form"",
    "onSubmit=fn",
    "onClick=fn",
    " ...",
    ">",
    "
",
    " at <BDropdownForm",
    "onSubmit=fn",
    "onClick=fn",
    ">",
    "
",
    " at <BDropdown",
    "right=""",
    "no-caret=""",
    "variant="link"",
    " ...",
    ">",
    "
",
    " at <EsvDropdown",
    "fieldType="checkbox"",
    "ref="VTU_COMPONENT"",
    ">",
    "
",
    " at <VTUROOT>",
  ],
  [
    "[Vue warn]: (deprecation INSTANCE_LISTENERS) (8)",
    "
",
    " at <BInputGroupText",
    "class="border-0"",
    ">",
    "
",
    " at <BInputGroupAddon",
    "id=undefined",
    "isText=false",
    "tag="div"",
    " ...",
    ">",
    "
",
    " at <BInputGroupPrepend>",
    "
",
    " at <BInputGroup>",
    "
",
    " at <SearchInput",
    "placeholder="Search variables"",
    "class="border-bottom border-top"",
    "value=""",
    " ...",
    ">",
    "
",
    " at <BForm",
    "class="b-dropdown-form"",
    "onSubmit=fn",
    "onClick=fn",
    " ...",
    ">",
    "
",
    " at <BDropdownForm",
    "onSubmit=fn",
    "onClick=fn",
    ">",
    "
",
    " at <BDropdown",
    "right=""",
    "no-caret=""",
    "variant="link"",
    " ...",
    ">",
    "
",
    " at <EsvDropdown",
    "fieldType="checkbox"",
    "ref="VTU_COMPONENT"",
    ">",
    "
",
    " at <VTUROOT>",
  ],
  [
    "[Vue warn]: (deprecation RENDER_FUNCTION) (3)",
    "
",
    " at <BFormInput",
    "ref="searchInput"",
    "placeholder="Search variables"",
    "aria-label="Search variables"",
    " ...",
    ">",
    "
",
    " at <BInputGroup>",
    "
",
    " at <SearchInput",
    "placeholder="Search variables"",
    "class="border-bottom border-top"",
    "value=""",
    " ...",
    ">",
    "
",
    " at <BForm",
    "class="b-dropdown-form"",
    "onSubmit=fn",
    "onClick=fn",
    " ...",
    ">",
    "
",
    " at <BDropdownForm",
    "onSubmit=fn",
    "onClick=fn",
    ">",
    "
",
    " at <BDropdown",
    "right=""",
    "no-caret=""",
    "variant="link"",
    " ...",
    ">",
    "
",
    " at <EsvDropdown",
    "fieldType="checkbox"",
    "ref="VTU_COMPONENT"",
    ">",
    "
",
    " at <VTUROOT>",
  ],
  [
    "[Vue warn]: (deprecation OPTIONS_DATA_MERGE) Detected conflicting key "bvListeners" when merging data option values. In Vue 3, data keys are merged shallowly and will override one another.
  Details: https://v3-migration.vuejs.org/breaking-changes/data-option.html#mixin-merge-behavior-change",
    "
",
    " at <BFormInput",
    "ref="searchInput"",
    "placeholder="Search variables"",
    "aria-label="Search variables"",
    " ...",
    ">",
    "
",
    " at <BInputGroup>",
    "
",
    " at <SearchInput",
    "placeholder="Search variables"",
    "class="border-bottom border-top"",
    "value=""",
    " ...",
    ">",
    "
",
    " at <BForm",
    "class="b-dropdown-form"",
    "onSubmit=fn",
    "onClick=fn",
    " ...",
    ">",
    "
",
    " at <BDropdownForm",
    "onSubmit=fn",
    "onClick=fn",
    ">",
    "
",
    " at <BDropdown",
    "right=""",
    "no-caret=""",
    "variant="link"",
    " ...",
    ">",
    "
",
    " at <EsvDropdown",
    "fieldType="checkbox"",
    "ref="VTU_COMPONENT"",
    ">",
    "
",
    " at <VTUROOT>",
  ],
  [
    "[Vue warn]: (deprecation INSTANCE_LISTENERS) (9)",
    "
",
    " at <BFormInput",
    "ref="searchInput"",
    "placeholder="Search variables"",
    "aria-label="Search variables"",
    " ...",
    ">",
    "
",
    " at <BInputGroup>",
    "
",
    " at <SearchInput",
    "placeholder="Search variables"",
    "class="border-bottom border-top"",
    "value=""",
    " ...",
    ">",
    "
",
    " at <BForm",
    "class="b-dropdown-form"",
    "onSubmit=fn",
    "onClick=fn",
    " ...",
    ">",
    "
",
    " at <BDropdownForm",
    "onSubmit=fn",
    "onClick=fn",
    ">",
    "
",
    " at <BDropdown",
    "right=""",
    "no-caret=""",
    "variant="link"",
    " ...",
    ">",
    "
",
    " at <EsvDropdown",
    "fieldType="checkbox"",
    "ref="VTU_COMPONENT"",
    ">",
    "
",
    " at <VTUROOT>",
  ],
  [
    "[Vue warn]: (deprecation OPTIONS_BEFORE_DESTROY) (2)",
    "
",
    " at <BFormInput",
    "ref="searchInput"",
    "placeholder="Search variables"",
    "aria-label="Search variables"",
    " ...",
    ">",
    "
",
    " at <BInputGroup>",
    "
",
    " at <SearchInput",
    "placeholder="Search variables"",
    "class="border-bottom border-top"",
    "value=""",
    " ...",
    ">",
    "
",
    " at <BForm",
    "class="b-dropdown-form"",
    "onSubmit=fn",
    "onClick=fn",
    " ...",
    ">",
    "
",
    " at <BDropdownForm",
    "onSubmit=fn",
    "onClick=fn",
    ">",
    "
",
    " at <BDropdown",
    "right=""",
    "no-caret=""",
    "variant="link"",
    " ...",
    ">",
    "
",
    " at <EsvDropdown",
    "fieldType="checkbox"",
    "ref="VTU_COMPONENT"",
    ">",
    "
",
    " at <VTUROOT>",
  ],
  [
    "[Vue warn]: (deprecation ATTR_FALSE_VALUE) Attribute "aria-invalid" with v-bind value \`false\` will render aria-invalid="false" instead of removing it in Vue 3. To remove the attribute, use \`null\` or \`undefined\` instead. If the usage is intended, you can disable the compat behavior and suppress this warning with:

  configureCompat({ ATTR_FALSE_VALUE: false })

  Details: https://v3-migration.vuejs.org/breaking-changes/attribute-coercion.html",
    "
",
    " at <BFormInput",
    "ref="searchInput"",
    "placeholder="Search variables"",
    "aria-label="Search variables"",
    " ...",
    ">",
    "
",
    " at <BInputGroup>",
    "
",
    " at <SearchInput",
    "placeholder="Search variables"",
    "class="border-bottom border-top"",
    "value=""",
    " ...",
    ">",
    "
",
    " at <BForm",
    "class="b-dropdown-form"",
    "onSubmit=fn",
    "onClick=fn",
    " ...",
    ">",
    "
",
    " at <BDropdownForm",
    "onSubmit=fn",
    "onClick=fn",
    ">",
    "
",
    " at <BDropdown",
    "right=""",
    "no-caret=""",
    "variant="link"",
    " ...",
    ">",
    "
",
    " at <EsvDropdown",
    "fieldType="checkbox"",
    "ref="VTU_COMPONENT"",
    ">",
    "
",
    " at <VTUROOT>",
  ],
  [
    "[Vue warn]: (deprecation ATTR_FALSE_VALUE) Attribute "disabled" with v-bind value \`false\` will render disabled="false" instead of removing it in Vue 3. To remove the attribute, use \`null\` or \`undefined\` instead. If the usage is intended, you can disable the compat behavior and suppress this warning with:

  configureCompat({ ATTR_FALSE_VALUE: false })

  Details: https://v3-migration.vuejs.org/breaking-changes/attribute-coercion.html",
    "
",
    " at <BForm",
    "class="b-dropdown-form"",
    "onSubmit=fn",
    "onClick=fn",
    " ...",
    ">",
    "
",
    " at <BDropdownForm",
    "onSubmit=fn",
    "onClick=fn",
    ">",
    "
",
    " at <BDropdown",
    "right=""",
    "no-caret=""",
    "variant="link"",
    " ...",
    ">",
    "
",
    " at <EsvDropdown",
    "fieldType="checkbox"",
    "ref="VTU_COMPONENT"",
    ">",
    "
",
    " at <VTUROOT>",
  ],
  [
    "[Vue warn]: (deprecation RENDER_FUNCTION) (4)",
    "
",
    " at <BDropdownItem",
    "key=undefined",
    "class="text-monospace"",
    "onClick=fn<onClick>",
    ">",
    "
",
    " at <BDropdown",
    "right=""",
    "no-caret=""",
    "variant="link"",
    " ...",
    ">",
    "
",
    " at <EsvDropdown",
    "fieldType="checkbox"",
    "ref="VTU_COMPONENT"",
    ">",
    "
",
    " at <VTUROOT>",
  ],
  [
    "[Vue warn]: (deprecation INSTANCE_SCOPED_SLOTS) (2)",
    "
",
    " at <BDropdownItem",
    "key=undefined",
    "class="text-monospace"",
    "onClick=fn<onClick>",
    ">",
    "
",
    " at <BDropdown",
    "right=""",
    "no-caret=""",
    "variant="link"",
    " ...",
    ">",
    "
",
    " at <EsvDropdown",
    "fieldType="checkbox"",
    "ref="VTU_COMPONENT"",
    ">",
    "
",
    " at <VTUROOT>",
  ],
  [
    "[Vue warn]: (deprecation GLOBAL_EXTEND) (7)",
    "
",
    " at <BDropdownItem",
    "key=undefined",
    "class="text-monospace"",
    "onClick=fn<onClick>",
    ">",
    "
",
    " at <BDropdown",
    "right=""",
    "no-caret=""",
    "variant="link"",
    " ...",
    ">",
    "
",
    " at <EsvDropdown",
    "fieldType="checkbox"",
    "ref="VTU_COMPONENT"",
    ">",
    "
",
    " at <VTUROOT>",
  ],
  [
    "[Vue warn]: (deprecation INSTANCE_ATTRS_CLASS_STYLE) Component <BDropdownItem> has \`inheritAttrs: false\` but is relying on class/style fallthrough from parent. In Vue 3, class/style are now included in $attrs and will no longer fallthrough when inheritAttrs is false. If you are already using v-bind="$attrs" on component root it should render the same end result. If you are binding $attrs to a non-root element and expecting class/style to fallthrough on root, you will need to now manually bind them on root via :class="$attrs.class".
  Details: https://v3-migration.vuejs.org/breaking-changes/attrs-includes-class-style.html",
    "
",
    " at <BDropdownItem",
    "key=undefined",
    "class="text-monospace"",
    "onClick=fn<onClick>",
    ">",
    "
",
    " at <BDropdown",
    "right=""",
    "no-caret=""",
    "variant="link"",
    " ...",
    ">",
    "
",
    " at <EsvDropdown",
    "fieldType="checkbox"",
    "ref="VTU_COMPONENT"",
    ">",
    "
",
    " at <VTUROOT>",
  ],
  [
    "[Vue warn]: (deprecation RENDER_FUNCTION) (5)",
    "
",
    " at <BLink",
    "class="dropdown-item"",
    "onClick=fn<bound onClick>",
    "ref="item"",
    " ...",
    ">",
    "
",
    " at <BDropdownItem",
    "key=undefined",
    "class="text-monospace"",
    "onClick=fn<onClick>",
    ">",
    "
",
    " at <BDropdown",
    "right=""",
    "no-caret=""",
    "variant="link"",
    " ...",
    ">",
    "
",
    " at <EsvDropdown",
    "fieldType="checkbox"",
    "ref="VTU_COMPONENT"",
    ">",
    "
",
    " at <VTUROOT>",
  ],
  [
    "[Vue warn]: (deprecation OPTIONS_DATA_MERGE) (2)",
    "
",
    " at <BLink",
    "class="dropdown-item"",
    "onClick=fn<bound onClick>",
    "ref="item"",
    " ...",
    ">",
    "
",
    " at <BDropdownItem",
    "key=undefined",
    "class="text-monospace"",
    "onClick=fn<onClick>",
    ">",
    "
",
    " at <BDropdown",
    "right=""",
    "no-caret=""",
    "variant="link"",
    " ...",
    ">",
    "
",
    " at <EsvDropdown",
    "fieldType="checkbox"",
    "ref="VTU_COMPONENT"",
    ">",
    "
",
    " at <VTUROOT>",
  ],
  [
    "[Vue warn]: (deprecation INSTANCE_LISTENERS) (10)",
    "
",
    " at <BLink",
    "class="dropdown-item"",
    "onClick=fn<bound onClick>",
    "ref="item"",
    " ...",
    ">",
    "
",
    " at <BDropdownItem",
    "key=undefined",
    "class="text-monospace"",
    "onClick=fn<onClick>",
    ">",
    "
",
    " at <BDropdown",
    "right=""",
    "no-caret=""",
    "variant="link"",
    " ...",
    ">",
    "
",
    " at <EsvDropdown",
    "fieldType="checkbox"",
    "ref="VTU_COMPONENT"",
    ">",
    "
",
    " at <VTUROOT>",
  ],
  [
    "[Vue warn]: (deprecation OPTIONS_BEFORE_DESTROY) (3)",
    "
",
    " at <BLink",
    "class="dropdown-item"",
    "onClick=fn<bound onClick>",
    "ref="item"",
    " ...",
    ">",
    "
",
    " at <BDropdownItem",
    "key=undefined",
    "class="text-monospace"",
    "onClick=fn<onClick>",
    ">",
    "
",
    " at <BDropdown",
    "right=""",
    "no-caret=""",
    "variant="link"",
    " ...",
    ">",
    "
",
    " at <EsvDropdown",
    "fieldType="checkbox"",
    "ref="VTU_COMPONENT"",
    ">",
    "
",
    " at <VTUROOT>",
  ],
  [
    "[Vue warn]: (deprecation INSTANCE_SCOPED_SLOTS) (3)",
    "
",
    " at <BLink",
    "class="dropdown-item"",
    "onClick=fn<bound onClick>",
    "ref="item"",
    " ...",
    ">",
    "
",
    " at <BDropdownItem",
    "key=undefined",
    "class="text-monospace"",
    "onClick=fn<onClick>",
    ">",
    "
",
    " at <BDropdown",
    "right=""",
    "no-caret=""",
    "variant="link"",
    " ...",
    ">",
    "
",
    " at <EsvDropdown",
    "fieldType="checkbox"",
    "ref="VTU_COMPONENT"",
    ">",
    "
",
    " at <VTUROOT>",
  ],
  [
    "[Vue warn]: (deprecation INSTANCE_ATTRS_CLASS_STYLE) Component <BLink> has \`inheritAttrs: false\` but is relying on class/style fallthrough from parent. In Vue 3, class/style are now included in $attrs and will no longer fallthrough when inheritAttrs is false. If you are already using v-bind="$attrs" on component root it should render the same end result. If you are binding $attrs to a non-root element and expecting class/style to fallthrough on root, you will need to now manually bind them on root via :class="$attrs.class".
  Details: https://v3-migration.vuejs.org/breaking-changes/attrs-includes-class-style.html",
    "
",
    " at <BLink",
    "class="dropdown-item"",
    "onClick=fn<bound onClick>",
    "ref="item"",
    " ...",
    ">",
    "
",
    " at <BDropdownItem",
    "key=undefined",
    "class="text-monospace"",
    "onClick=fn<onClick>",
    ">",
    "
",
    " at <BDropdown",
    "right=""",
    "no-caret=""",
    "variant="link"",
    " ...",
    ">",
    "
",
    " at <EsvDropdown",
    "fieldType="checkbox"",
    "ref="VTU_COMPONENT"",
    ">",
    "
",
    " at <VTUROOT>",
  ],
]
`;
