// Jest Snapshot v1, https://goo.gl/fbAQLP

exports[`DirectReportDetail @renders default error message on getDirectReportUserInfo fails: console-error-snapshot 1`] = `
[
  [
    "Un-mocked call made to Axios create. All API calls should be mocked",
  ],
  [
    "Un-mocked API call made with Axios. All API calls should be mocked",
  ],
]
`;

exports[`DirectReportDetail @renders render correct user info in header: console-error-snapshot 1`] = `
[
  [
    "Un-mocked call made to Axios create. All API calls should be mocked",
  ],
  [
    "Un-mocked API call made with Axios. All API calls should be mocked",
  ],
]
`;

exports[`DirectReportDetail @renders right tab on page refresh: console-error-snapshot 1`] = `
[
  [
    "Un-mocked call made to Axios create. All API calls should be mocked",
  ],
  [
    "Un-mocked API call made with Axios. All API calls should be mocked",
  ],
  [
    "Un-mocked call made to Axios create. All API calls should be mocked",
  ],
  [
    "Un-mocked API call made with Axios. All API calls should be mocked",
  ],
]
`;

exports[`DirectReportDetail @renders side menu with default tab activated: console-error-snapshot 1`] = `
[
  [
    "Un-mocked call made to Axios create. All API calls should be mocked",
  ],
  [
    "Un-mocked API call made with Axios. All API calls should be mocked",
  ],
]
`;
