// Jest Snapshot v1, https://goo.gl/fbAQLP

exports[`MyRequests @Component Tests Navigates to request details page after clicking on "View Details": console-error-snapshot 1`] = `
[
  [
    "Un-mocked call made to Axios create. All API calls should be mocked",
  ],
  [
    "Un-mocked API call made with Axios. All API calls should be mocked",
  ],
  [
    "Un-mocked call made to Axios create. All API calls should be mocked",
  ],
  [
    "Un-mocked API call made with Axios. All API calls should be mocked",
  ],
]
`;
