// Jest Snapshot v1, https://goo.gl/fbAQLP

exports[`RevokeRequestModal @Component Tests emits the expected payload when form is submitted: console-warn-snapshot 1`] = `
[
  [
    "[Vue warn]: (deprecation RENDER_FUNCTION) Vue 3's render function API has changed. You can opt-in to the new API with:

  configureCompat({ RENDER_FUNCTION: false })

  (This can also be done per-component via the "compatConfig" option.)
  Details: https://v3-migration.vuejs.org/breaking-changes/render-function-api.html",
    "
",
    " at <VTUROOT>",
  ],
  [
    "[Vue warn]: (deprecation GLOBAL_EXTEND) (2)",
    "
",
    " at <RevokeRequestModal",
    "isTesting=true",
    "ref="VTU_COMPONENT"",
    ">",
    "
",
    " at <VTUROOT>",
  ],
  [
    "[Vue warn]: (deprecation RENDER_FUNCTION) (2)",
    "
",
    " at <BModal",
    "id="revoke-request-modal"",
    "size="lg"",
    "title-class="h5"",
    " ...",
    ">",
    "
",
    " at <RevokeRequestModal",
    "isTesting=true",
    "ref="VTU_COMPONENT"",
    ">",
    "
",
    " at <VTUROOT>",
  ],
  [
    "[Vue warn]: (deprecation OPTIONS_BEFORE_DESTROY) \`beforeDestroy\` has been renamed to \`beforeUnmount\`.",
    "
",
    " at <BModal",
    "id="revoke-request-modal"",
    "size="lg"",
    "title-class="h5"",
    " ...",
    ">",
    "
",
    " at <RevokeRequestModal",
    "isTesting=true",
    "ref="VTU_COMPONENT"",
    ">",
    "
",
    " at <VTUROOT>",
  ],
  [
    "[Vue warn]: (deprecation INSTANCE_SCOPED_SLOTS) vm.$scopedSlots has been removed. Use vm.$slots instead.
  Details: https://v3-migration.vuejs.org/breaking-changes/slots-unification.html",
    "
",
    " at <BModal",
    "id="revoke-request-modal"",
    "size="lg"",
    "title-class="h5"",
    " ...",
    ">",
    "
",
    " at <RevokeRequestModal",
    "isTesting=true",
    "ref="VTU_COMPONENT"",
    ">",
    "
",
    " at <VTUROOT>",
  ],
  [
    "[Vue warn]: (deprecation GLOBAL_EXTEND) (3)",
    "
",
    " at <BModal",
    "id="revoke-request-modal"",
    "size="lg"",
    "title-class="h5"",
    " ...",
    ">",
    "
",
    " at <RevokeRequestModal",
    "isTesting=true",
    "ref="VTU_COMPONENT"",
    ">",
    "
",
    " at <VTUROOT>",
  ],
  [
    "[Vue warn]: (deprecation COMPONENT_FUNCTIONAL) Functional component <BButtonClose> should be defined as a plain function in Vue 3. The "functional" option has been removed. NOTE: Before migrating to use plain functions for functional components, first make sure that all async components usage have been migrated and its compat behavior has been disabled.
  Details: https://v3-migration.vuejs.org/breaking-changes/functional-components.html",
    "
",
    " at <BModal",
    "id="revoke-request-modal"",
    "size="lg"",
    "title-class="h5"",
    " ...",
    ">",
    "
",
    " at <RevokeRequestModal",
    "isTesting=true",
    "ref="VTU_COMPONENT"",
    ">",
    "
",
    " at <VTUROOT>",
  ],
  [
    "[Vue warn]: (deprecation COMPONENT_FUNCTIONAL) (2)",
    "
",
    " at <BModal",
    "id="revoke-request-modal"",
    "size="lg"",
    "title-class="h5"",
    " ...",
    ">",
    "
",
    " at <RevokeRequestModal",
    "isTesting=true",
    "ref="VTU_COMPONENT"",
    ">",
    "
",
    " at <VTUROOT>",
  ],
  [
    "[Vue warn]: (deprecation INSTANCE_LISTENERS) vm.$listeners has been removed. In Vue 3, parent v-on listeners are included in vm.$attrs and it is no longer necessary to separately use v-on="$listeners" if you are already using v-bind="$attrs". (Note: the Vue 3 behavior only applies if this compat config is disabled)
  Details: https://v3-migration.vuejs.org/breaking-changes/listeners-removed.html",
    "
",
    " at <BButtonClose",
    "onClick=fn<bound onClose>",
    "ref="close-button"",
    "content="&times;"",
    " ...",
    ">",
    "
",
    " at <Transition",
    "onBeforeEnter=fn<bound onBeforeEnter>",
    "onEnter=fn<bound onEnter>",
    "onAfterEnter=fn<bound onAfterEnter>",
    " ...",
    ">",
    "
",
    " at <BModal",
    "id="revoke-request-modal"",
    "size="lg"",
    "title-class="h5"",
    " ...",
    ">",
    "
",
    " at <RevokeRequestModal",
    "isTesting=true",
    "ref="VTU_COMPONENT"",
    ">",
    "
",
    " at <VTUROOT>",
  ],
  [
    "[Vue warn]: (deprecation RENDER_FUNCTION) (3)",
    "
",
    " at <BFormGroup>",
    "
",
    " at <Transition",
    "onBeforeEnter=fn<bound onBeforeEnter>",
    "onEnter=fn<bound onEnter>",
    "onAfterEnter=fn<bound onAfterEnter>",
    " ...",
    ">",
    "
",
    " at <BModal",
    "id="revoke-request-modal"",
    "size="lg"",
    "title-class="h5"",
    " ...",
    ">",
    "
",
    " at <RevokeRequestModal",
    "isTesting=true",
    "ref="VTU_COMPONENT"",
    ">",
    "
",
    " at <VTUROOT>",
  ],
  [
    "[Vue warn]: (deprecation INSTANCE_SCOPED_SLOTS) (2)",
    "
",
    " at <BFormGroup>",
    "
",
    " at <Transition",
    "onBeforeEnter=fn<bound onBeforeEnter>",
    "onEnter=fn<bound onEnter>",
    "onAfterEnter=fn<bound onAfterEnter>",
    " ...",
    ">",
    "
",
    " at <BModal",
    "id="revoke-request-modal"",
    "size="lg"",
    "title-class="h5"",
    " ...",
    ">",
    "
",
    " at <RevokeRequestModal",
    "isTesting=true",
    "ref="VTU_COMPONENT"",
    ">",
    "
",
    " at <VTUROOT>",
  ],
  [
    "[Vue warn]: (deprecation COMPONENT_V_MODEL) v-model usage on component has changed in Vue 3. Component that expects to work with v-model should now use the "modelValue" prop and emit the "update:modelValue" event. You can update the usage and then opt-in to Vue 3 behavior on a per-component basis with \`compatConfig: { COMPONENT_V_MODEL: false }\`.
  Details: https://v3-migration.vuejs.org/breaking-changes/v-model.html",
    "
",
    " at <FrField",
    "modelValue=""",
    "onUpdate:modelValue=fn",
    "data-testid="justification-field"",
    " ...",
    ">",
  ],
  [
    "[Vue warn]: (deprecation INSTANCE_LISTENERS) (2)",
    "
",
    " at <FrField",
    "data-testid="justification-field"",
    "type="textarea"",
    "label="Justification"",
    " ...",
    ">",
    "
",
    " at <BFormGroup>",
    "
",
    " at <Transition",
    "onBeforeEnter=fn<bound onBeforeEnter>",
    "onEnter=fn<bound onEnter>",
    "onAfterEnter=fn<bound onAfterEnter>",
    " ...",
    ">",
    "
",
    " at <BModal",
    "id="revoke-request-modal"",
    "size="lg"",
    "title-class="h5"",
    " ...",
    ">",
    "
",
    " at <RevokeRequestModal",
    "isTesting=true",
    "ref="VTU_COMPONENT"",
    ">",
    "
",
    " at <VTUROOT>",
  ],
  [
    "[Vue warn]: (deprecation WATCH_ARRAY) (2)",
    "
",
    " at <TextArea",
    "data-testid="justification-field"",
    "type="textarea"",
    "label="Justification"",
    " ...",
    ">",
    "
",
    " at <FrField",
    "data-testid="justification-field"",
    "type="textarea"",
    "label="Justification"",
    " ...",
    ">",
    "
",
    " at <BFormGroup>",
    "
",
    " at <Transition",
    "onBeforeEnter=fn<bound onBeforeEnter>",
    "onEnter=fn<bound onEnter>",
    "onAfterEnter=fn<bound onAfterEnter>",
    " ...",
    ">",
    "
",
    " at <BModal",
    "id="revoke-request-modal"",
    "size="lg"",
    "title-class="h5"",
    " ...",
    ">",
    "
",
    " at <RevokeRequestModal",
    "isTesting=true",
    "ref="VTU_COMPONENT"",
    ">",
    "
",
    " at <VTUROOT>",
  ],
  [
    "[Vue warn]: (deprecation WATCH_ARRAY) (3)",
    "
",
    " at <SelectInput",
    "data-testid="priority-field"",
    "name="Priority"",
    "type="select"",
    " ...",
    ">",
    "
",
    " at <FrField",
    "data-testid="priority-field"",
    "name="Priority"",
    "type="select"",
    " ...",
    ">",
    "
",
    " at <BFormGroup>",
    "
",
    " at <Transition",
    "onBeforeEnter=fn<bound onBeforeEnter>",
    "onEnter=fn<bound onEnter>",
    "onAfterEnter=fn<bound onAfterEnter>",
    " ...",
    ">",
    "
",
    " at <BModal",
    "id="revoke-request-modal"",
    "size="lg"",
    "title-class="h5"",
    " ...",
    ">",
    "
",
    " at <RevokeRequestModal",
    "isTesting=true",
    "ref="VTU_COMPONENT"",
    ">",
    "
",
    " at <VTUROOT>",
  ],
  [
    "[Vue warn]: (deprecation WATCH_ARRAY) (4)",
    "
",
    " at <VueMultiselect",
    "id="floatingLabelInput14"",
    "ref="vms"",
    "value=""",
    " ...",
    ">",
    "
",
    " at <InputLayout",
    "id="floatingLabelInput14"",
    "name="Priority"",
    "description=""",
    " ...",
    ">",
    "
",
    " at <SelectInput",
    "data-testid="priority-field"",
    "name="Priority"",
    "type="select"",
    " ...",
    ">",
    "
",
    " at <FrField",
    "data-testid="priority-field"",
    "name="Priority"",
    "type="select"",
    " ...",
    ">",
    "
",
    " at <BFormGroup>",
    "
",
    " at <Transition",
    "onBeforeEnter=fn<bound onBeforeEnter>",
    "onEnter=fn<bound onEnter>",
    "onAfterEnter=fn<bound onAfterEnter>",
    " ...",
    ">",
    "
",
    " at <BModal",
    "id="revoke-request-modal"",
    "size="lg"",
    "title-class="h5"",
    " ...",
    ">",
    "
",
    " at <RevokeRequestModal",
    "isTesting=true",
    "ref="VTU_COMPONENT"",
    ">",
    "
",
    " at <VTUROOT>",
  ],
  [
    "[Vue warn]: (deprecation ATTR_FALSE_VALUE) Attribute "appear" with v-bind value \`false\` will render appear="false" instead of removing it in Vue 3. To remove the attribute, use \`null\` or \`undefined\` instead. If the usage is intended, you can disable the compat behavior and suppress this warning with:

  configureCompat({ ATTR_FALSE_VALUE: false })

  Details: https://v3-migration.vuejs.org/breaking-changes/attribute-coercion.html",
    "
",
    " at <Transition",
    "name="multiselect__loading"",
    ">",
    "
",
    " at <VueMultiselect",
    "id="floatingLabelInput14"",
    "ref="vms"",
    "value=""",
    " ...",
    ">",
    "
",
    " at <InputLayout",
    "id="floatingLabelInput14"",
    "name="Priority"",
    "description=""",
    " ...",
    ">",
    "
",
    " at <SelectInput",
    "data-testid="priority-field"",
    "name="Priority"",
    "type="select"",
    " ...",
    ">",
    "
",
    " at <FrField",
    "data-testid="priority-field"",
    "name="Priority"",
    "type="select"",
    " ...",
    ">",
    "
",
    " at <BFormGroup>",
    "
",
    " at <Transition",
    "onBeforeEnter=fn<bound onBeforeEnter>",
    "onEnter=fn<bound onEnter>",
    "onAfterEnter=fn<bound onAfterEnter>",
    " ...",
    ">",
    "
",
    " at <BModal",
    "id="revoke-request-modal"",
    "size="lg"",
    "title-class="h5"",
    " ...",
    ">",
    "
",
    " at <RevokeRequestModal",
    "isTesting=true",
    "ref="VTU_COMPONENT"",
    ">",
    "
",
    " at <VTUROOT>",
  ],
  [
    "[Vue warn]: (deprecation ATTR_FALSE_VALUE) Attribute "persisted" with v-bind value \`false\` will render persisted="false" instead of removing it in Vue 3. To remove the attribute, use \`null\` or \`undefined\` instead. If the usage is intended, you can disable the compat behavior and suppress this warning with:

  configureCompat({ ATTR_FALSE_VALUE: false })

  Details: https://v3-migration.vuejs.org/breaking-changes/attribute-coercion.html",
    "
",
    " at <Transition",
    "name="multiselect__loading"",
    ">",
    "
",
    " at <VueMultiselect",
    "id="floatingLabelInput14"",
    "ref="vms"",
    "value=""",
    " ...",
    ">",
    "
",
    " at <InputLayout",
    "id="floatingLabelInput14"",
    "name="Priority"",
    "description=""",
    " ...",
    ">",
    "
",
    " at <SelectInput",
    "data-testid="priority-field"",
    "name="Priority"",
    "type="select"",
    " ...",
    ">",
    "
",
    " at <FrField",
    "data-testid="priority-field"",
    "name="Priority"",
    "type="select"",
    " ...",
    ">",
    "
",
    " at <BFormGroup>",
    "
",
    " at <Transition",
    "onBeforeEnter=fn<bound onBeforeEnter>",
    "onEnter=fn<bound onEnter>",
    "onAfterEnter=fn<bound onAfterEnter>",
    " ...",
    ">",
    "
",
    " at <BModal",
    "id="revoke-request-modal"",
    "size="lg"",
    "title-class="h5"",
    " ...",
    ">",
    "
",
    " at <RevokeRequestModal",
    "isTesting=true",
    "ref="VTU_COMPONENT"",
    ">",
    "
",
    " at <VTUROOT>",
  ],
  [
    "[Vue warn]: (deprecation INSTANCE_LISTENERS) (3)",
    "
",
    " at <BImg",
    "class="mr-2"",
    "width="24"",
    "alt="Low"",
    " ...",
    ">",
    "
",
    " at <Transition",
    "name="multiselect"",
    "persisted=""",
    ">",
    "
",
    " at <VueMultiselect",
    "id="floatingLabelInput14"",
    "ref="vms"",
    "value=""",
    " ...",
    ">",
    "
",
    " at <InputLayout",
    "id="floatingLabelInput14"",
    "name="Priority"",
    "description=""",
    " ...",
    ">",
    "
",
    " at <SelectInput",
    "data-testid="priority-field"",
    "name="Priority"",
    "type="select"",
    " ...",
    ">",
    "
",
    " at <FrField",
    "data-testid="priority-field"",
    "name="Priority"",
    "type="select"",
    " ...",
    ">",
    "
",
    " at <BFormGroup>",
    "
",
    " at <Transition",
    "onBeforeEnter=fn<bound onBeforeEnter>",
    "onEnter=fn<bound onEnter>",
    "onAfterEnter=fn<bound onAfterEnter>",
    " ...",
    ">",
    "
",
    " at <BModal",
    "id="revoke-request-modal"",
    "size="lg"",
    "title-class="h5"",
    " ...",
    ">",
    "
",
    " at <RevokeRequestModal",
    "isTesting=true",
    "ref="VTU_COMPONENT"",
    ">",
    "
",
    " at <VTUROOT>",
  ],
  [
    "[Vue warn]: (deprecation ATTR_FALSE_VALUE) Attribute "searchable" with v-bind value \`false\` will render searchable="false" instead of removing it in Vue 3. To remove the attribute, use \`null\` or \`undefined\` instead. If the usage is intended, you can disable the compat behavior and suppress this warning with:

  configureCompat({ ATTR_FALSE_VALUE: false })

  Details: https://v3-migration.vuejs.org/breaking-changes/attribute-coercion.html",
    "
",
    " at <FrField",
    "data-testid="priority-field"",
    "name="Priority"",
    "type="select"",
    " ...",
    ">",
    "
",
    " at <BFormGroup>",
    "
",
    " at <Transition",
    "onBeforeEnter=fn<bound onBeforeEnter>",
    "onEnter=fn<bound onEnter>",
    "onAfterEnter=fn<bound onAfterEnter>",
    " ...",
    ">",
    "
",
    " at <BModal",
    "id="revoke-request-modal"",
    "size="lg"",
    "title-class="h5"",
    " ...",
    ">",
    "
",
    " at <RevokeRequestModal",
    "isTesting=true",
    "ref="VTU_COMPONENT"",
    ">",
    "
",
    " at <VTUROOT>",
  ],
  [
    "[Vue warn]: (deprecation COMPONENT_V_MODEL) (2)",
    "
",
    " at <Datepicker",
    "name="expirationDate"",
    "modelValue=""",
    "onUpdate:modelValue=fn",
    " ...",
    ">",
  ],
  [
    "[Vue warn]: (deprecation WATCH_ARRAY) (5)",
    "
",
    " at <Datepicker",
    "name="expirationDate"",
    "date-format-options=",
    {
      "day": "numeric",
      "month": "numeric",
      "year": "numeric",
    },
    "placeholder="Expiry Date"",
    " ...",
    ">",
    "
",
    " at <BFormGroup>",
    "
",
    " at <Transition",
    "onBeforeEnter=fn<bound onBeforeEnter>",
    "onEnter=fn<bound onEnter>",
    "onAfterEnter=fn<bound onAfterEnter>",
    " ...",
    ">",
    "
",
    " at <BModal",
    "id="revoke-request-modal"",
    "size="lg"",
    "title-class="h5"",
    " ...",
    ">",
    "
",
    " at <RevokeRequestModal",
    "isTesting=true",
    "ref="VTU_COMPONENT"",
    ">",
    "
",
    " at <VTUROOT>",
  ],
  [
    "[Vue warn]: (deprecation INSTANCE_LISTENERS) (4)",
    "
",
    " at <Datepicker",
    "name="expirationDate"",
    "date-format-options=",
    {
      "day": "numeric",
      "month": "numeric",
      "year": "numeric",
    },
    "placeholder="Expiry Date"",
    " ...",
    ">",
    "
",
    " at <BFormGroup>",
    "
",
    " at <Transition",
    "onBeforeEnter=fn<bound onBeforeEnter>",
    "onEnter=fn<bound onEnter>",
    "onAfterEnter=fn<bound onAfterEnter>",
    " ...",
    ">",
    "
",
    " at <BModal",
    "id="revoke-request-modal"",
    "size="lg"",
    "title-class="h5"",
    " ...",
    ">",
    "
",
    " at <RevokeRequestModal",
    "isTesting=true",
    "ref="VTU_COMPONENT"",
    ">",
    "
",
    " at <VTUROOT>",
  ],
  [
    "[Vue warn]: (deprecation GLOBAL_EXTEND) (4)",
    "
",
    " at <Datepicker",
    "name="expirationDate"",
    "date-format-options=",
    {
      "day": "numeric",
      "month": "numeric",
      "year": "numeric",
    },
    "placeholder="Expiry Date"",
    " ...",
    ">",
    "
",
    " at <BFormGroup>",
    "
",
    " at <Transition",
    "onBeforeEnter=fn<bound onBeforeEnter>",
    "onEnter=fn<bound onEnter>",
    "onAfterEnter=fn<bound onAfterEnter>",
    " ...",
    ">",
    "
",
    " at <BModal",
    "id="revoke-request-modal"",
    "size="lg"",
    "title-class="h5"",
    " ...",
    ">",
    "
",
    " at <RevokeRequestModal",
    "isTesting=true",
    "ref="VTU_COMPONENT"",
    ">",
    "
",
    " at <VTUROOT>",
  ],
  [
    "[Vue warn]: (deprecation COMPONENT_V_MODEL) (3)",
    "
",
    " at <BFormDatepicker",
    "data-testid="datepicker"",
    "modelValue=""",
    "onUpdate:modelValue=fn",
    " ...",
    ">",
  ],
  [
    "[Vue warn]: (deprecation RENDER_FUNCTION) (4)",
    "
",
    " at <BFormDatepicker",
    "data-testid="datepicker"",
    "date-format-options=",
    {
      "day": "numeric",
      "month": "numeric",
      "year": "numeric",
    },
    "onModelCompat:input=fn",
    " ...",
    ">",
    "
",
    " at <Datepicker",
    "name="expirationDate"",
    "date-format-options=",
    {
      "day": "numeric",
      "month": "numeric",
      "year": "numeric",
    },
    "placeholder="Expiry Date"",
    " ...",
    ">",
    "
",
    " at <BFormGroup>",
    "
",
    " at <Transition",
    "onBeforeEnter=fn<bound onBeforeEnter>",
    "onEnter=fn<bound onEnter>",
    "onAfterEnter=fn<bound onAfterEnter>",
    " ...",
    ">",
    "
",
    " at <BModal",
    "id="revoke-request-modal"",
    "size="lg"",
    "title-class="h5"",
    " ...",
    ">",
    "
",
    " at <RevokeRequestModal",
    "isTesting=true",
    "ref="VTU_COMPONENT"",
    ">",
    "
",
    " at <VTUROOT>",
  ],
  [
    "[Vue warn]: (deprecation INSTANCE_SCOPED_SLOTS) (3)",
    "
",
    " at <BFormDatepicker",
    "data-testid="datepicker"",
    "date-format-options=",
    {
      "day": "numeric",
      "month": "numeric",
      "year": "numeric",
    },
    "onModelCompat:input=fn",
    " ...",
    ">",
    "
",
    " at <Datepicker",
    "name="expirationDate"",
    "date-format-options=",
    {
      "day": "numeric",
      "month": "numeric",
      "year": "numeric",
    },
    "placeholder="Expiry Date"",
    " ...",
    ">",
    "
",
    " at <BFormGroup>",
    "
",
    " at <Transition",
    "onBeforeEnter=fn<bound onBeforeEnter>",
    "onEnter=fn<bound onEnter>",
    "onAfterEnter=fn<bound onAfterEnter>",
    " ...",
    ">",
    "
",
    " at <BModal",
    "id="revoke-request-modal"",
    "size="lg"",
    "title-class="h5"",
    " ...",
    ">",
    "
",
    " at <RevokeRequestModal",
    "isTesting=true",
    "ref="VTU_COMPONENT"",
    ">",
    "
",
    " at <VTUROOT>",
  ],
  [
    "[Vue warn]: (deprecation GLOBAL_EXTEND) (5)",
    "
",
    " at <BFormDatepicker",
    "data-testid="datepicker"",
    "date-format-options=",
    {
      "day": "numeric",
      "month": "numeric",
      "year": "numeric",
    },
    "onModelCompat:input=fn",
    " ...",
    ">",
    "
",
    " at <Datepicker",
    "name="expirationDate"",
    "date-format-options=",
    {
      "day": "numeric",
      "month": "numeric",
      "year": "numeric",
    },
    "placeholder="Expiry Date"",
    " ...",
    ">",
    "
",
    " at <BFormGroup>",
    "
",
    " at <Transition",
    "onBeforeEnter=fn<bound onBeforeEnter>",
    "onEnter=fn<bound onEnter>",
    "onAfterEnter=fn<bound onAfterEnter>",
    " ...",
    ">",
    "
",
    " at <BModal",
    "id="revoke-request-modal"",
    "size="lg"",
    "title-class="h5"",
    " ...",
    ">",
    "
",
    " at <RevokeRequestModal",
    "isTesting=true",
    "ref="VTU_COMPONENT"",
    ">",
    "
",
    " at <VTUROOT>",
  ],
  [
    "[Vue warn]: (deprecation RENDER_FUNCTION) (5)",
    "
",
    " at <BVFormBtnLabelControl",
    "onShow=fn<bound onShow>",
    "onShown=fn<bound onShown>",
    "onHidden=fn<bound onHidden>",
    " ...",
    ">",
    "
",
    " at <BFormDatepicker",
    "data-testid="datepicker"",
    "date-format-options=",
    {
      "day": "numeric",
      "month": "numeric",
      "year": "numeric",
    },
    "onModelCompat:input=fn",
    " ...",
    ">",
    "
",
    " at <Datepicker",
    "name="expirationDate"",
    "date-format-options=",
    {
      "day": "numeric",
      "month": "numeric",
      "year": "numeric",
    },
    "placeholder="Expiry Date"",
    " ...",
    ">",
    "
",
    " at <BFormGroup>",
    "
",
    " at <Transition",
    "onBeforeEnter=fn<bound onBeforeEnter>",
    "onEnter=fn<bound onEnter>",
    "onAfterEnter=fn<bound onAfterEnter>",
    " ...",
    ">",
    "
",
    " at <BModal",
    "id="revoke-request-modal"",
    "size="lg"",
    "title-class="h5"",
    " ...",
    ">",
    "
",
    " at <RevokeRequestModal",
    "isTesting=true",
    "ref="VTU_COMPONENT"",
    ">",
    "
",
    " at <VTUROOT>",
  ],
  [
    "[Vue warn]: (deprecation OPTIONS_BEFORE_DESTROY) (2)",
    "
",
    " at <BVFormBtnLabelControl",
    "onShow=fn<bound onShow>",
    "onShown=fn<bound onShown>",
    "onHidden=fn<bound onHidden>",
    " ...",
    ">",
    "
",
    " at <BFormDatepicker",
    "data-testid="datepicker"",
    "date-format-options=",
    {
      "day": "numeric",
      "month": "numeric",
      "year": "numeric",
    },
    "onModelCompat:input=fn",
    " ...",
    ">",
    "
",
    " at <Datepicker",
    "name="expirationDate"",
    "date-format-options=",
    {
      "day": "numeric",
      "month": "numeric",
      "year": "numeric",
    },
    "placeholder="Expiry Date"",
    " ...",
    ">",
    "
",
    " at <BFormGroup>",
    "
",
    " at <Transition",
    "onBeforeEnter=fn<bound onBeforeEnter>",
    "onEnter=fn<bound onEnter>",
    "onAfterEnter=fn<bound onAfterEnter>",
    " ...",
    ">",
    "
",
    " at <BModal",
    "id="revoke-request-modal"",
    "size="lg"",
    "title-class="h5"",
    " ...",
    ">",
    "
",
    " at <RevokeRequestModal",
    "isTesting=true",
    "ref="VTU_COMPONENT"",
    ">",
    "
",
    " at <VTUROOT>",
  ],
  [
    "[Vue warn]: (deprecation INSTANCE_SCOPED_SLOTS) (4)",
    "
",
    " at <BVFormBtnLabelControl",
    "onShow=fn<bound onShow>",
    "onShown=fn<bound onShown>",
    "onHidden=fn<bound onHidden>",
    " ...",
    ">",
    "
",
    " at <BFormDatepicker",
    "data-testid="datepicker"",
    "date-format-options=",
    {
      "day": "numeric",
      "month": "numeric",
      "year": "numeric",
    },
    "onModelCompat:input=fn",
    " ...",
    ">",
    "
",
    " at <Datepicker",
    "name="expirationDate"",
    "date-format-options=",
    {
      "day": "numeric",
      "month": "numeric",
      "year": "numeric",
    },
    "placeholder="Expiry Date"",
    " ...",
    ">",
    "
",
    " at <BFormGroup>",
    "
",
    " at <Transition",
    "onBeforeEnter=fn<bound onBeforeEnter>",
    "onEnter=fn<bound onEnter>",
    "onAfterEnter=fn<bound onAfterEnter>",
    " ...",
    ">",
    "
",
    " at <BModal",
    "id="revoke-request-modal"",
    "size="lg"",
    "title-class="h5"",
    " ...",
    ">",
    "
",
    " at <RevokeRequestModal",
    "isTesting=true",
    "ref="VTU_COMPONENT"",
    ">",
    "
",
    " at <VTUROOT>",
  ],
  [
    "[Vue warn]: (deprecation CUSTOM_DIR) Custom directive hook "bind" has been removed. Use "beforeMount" instead.
  Details: https://v3-migration.vuejs.org/breaking-changes/custom-directives.html",
    "
",
    " at <BVFormBtnLabelControl",
    "onShow=fn<bound onShow>",
    "onShown=fn<bound onShown>",
    "onHidden=fn<bound onHidden>",
    " ...",
    ">",
    "
",
    " at <BFormDatepicker",
    "data-testid="datepicker"",
    "date-format-options=",
    {
      "day": "numeric",
      "month": "numeric",
      "year": "numeric",
    },
    "onModelCompat:input=fn",
    " ...",
    ">",
    "
",
    " at <Datepicker",
    "name="expirationDate"",
    "date-format-options=",
    {
      "day": "numeric",
      "month": "numeric",
      "year": "numeric",
    },
    "placeholder="Expiry Date"",
    " ...",
    ">",
    "
",
    " at <BFormGroup>",
    "
",
    " at <Transition",
    "onBeforeEnter=fn<bound onBeforeEnter>",
    "onEnter=fn<bound onEnter>",
    "onAfterEnter=fn<bound onAfterEnter>",
    " ...",
    ">",
    "
",
    " at <BModal",
    "id="revoke-request-modal"",
    "size="lg"",
    "title-class="h5"",
    " ...",
    ">",
    "
",
    " at <RevokeRequestModal",
    "isTesting=true",
    "ref="VTU_COMPONENT"",
    ">",
    "
",
    " at <VTUROOT>",
  ],
  [
    "[Vue warn]: (deprecation RENDER_FUNCTION) (6)",
    "
",
    " at <BCalendar",
    "onSelected=fn<bound onSelected>",
    "onInput=fn<bound onInput>",
    "onContext=fn<bound onContext>",
    " ...",
    ">",
    "
",
    " at <BVFormBtnLabelControl",
    "onShow=fn<bound onShow>",
    "onShown=fn<bound onShown>",
    "onHidden=fn<bound onHidden>",
    " ...",
    ">",
    "
",
    " at <BFormDatepicker",
    "data-testid="datepicker"",
    "date-format-options=",
    {
      "day": "numeric",
      "month": "numeric",
      "year": "numeric",
    },
    "onModelCompat:input=fn",
    " ...",
    ">",
    "
",
    " at <Datepicker",
    "name="expirationDate"",
    "date-format-options=",
    {
      "day": "numeric",
      "month": "numeric",
      "year": "numeric",
    },
    "placeholder="Expiry Date"",
    " ...",
    ">",
    "
",
    " at <BFormGroup>",
    "
",
    " at <Transition",
    "onBeforeEnter=fn<bound onBeforeEnter>",
    "onEnter=fn<bound onEnter>",
    "onAfterEnter=fn<bound onAfterEnter>",
    " ...",
    ">",
    "
",
    " at <BModal",
    "id="revoke-request-modal"",
    "size="lg"",
    "title-class="h5"",
    " ...",
    ">",
    "
",
    " at <RevokeRequestModal",
    "isTesting=true",
    "ref="VTU_COMPONENT"",
    ">",
    "
",
    " at <VTUROOT>",
  ],
  [
    "[Vue warn]: (deprecation OPTIONS_BEFORE_DESTROY) (3)",
    "
",
    " at <BCalendar",
    "onSelected=fn<bound onSelected>",
    "onInput=fn<bound onInput>",
    "onContext=fn<bound onContext>",
    " ...",
    ">",
    "
",
    " at <BVFormBtnLabelControl",
    "onShow=fn<bound onShow>",
    "onShown=fn<bound onShown>",
    "onHidden=fn<bound onHidden>",
    " ...",
    ">",
    "
",
    " at <BFormDatepicker",
    "data-testid="datepicker"",
    "date-format-options=",
    {
      "day": "numeric",
      "month": "numeric",
      "year": "numeric",
    },
    "onModelCompat:input=fn",
    " ...",
    ">",
    "
",
    " at <Datepicker",
    "name="expirationDate"",
    "date-format-options=",
    {
      "day": "numeric",
      "month": "numeric",
      "year": "numeric",
    },
    "placeholder="Expiry Date"",
    " ...",
    ">",
    "
",
    " at <BFormGroup>",
    "
",
    " at <Transition",
    "onBeforeEnter=fn<bound onBeforeEnter>",
    "onEnter=fn<bound onEnter>",
    "onAfterEnter=fn<bound onAfterEnter>",
    " ...",
    ">",
    "
",
    " at <BModal",
    "id="revoke-request-modal"",
    "size="lg"",
    "title-class="h5"",
    " ...",
    ">",
    "
",
    " at <RevokeRequestModal",
    "isTesting=true",
    "ref="VTU_COMPONENT"",
    ">",
    "
",
    " at <VTUROOT>",
  ],
  [
    "[Vue warn]: (deprecation ATTR_FALSE_VALUE) Attribute "aria-disabled" with v-bind value \`false\` will render aria-disabled="false" instead of removing it in Vue 3. To remove the attribute, use \`null\` or \`undefined\` instead. If the usage is intended, you can disable the compat behavior and suppress this warning with:

  configureCompat({ ATTR_FALSE_VALUE: false })

  Details: https://v3-migration.vuejs.org/breaking-changes/attribute-coercion.html",
    "
",
    " at <BVFormBtnLabelControl",
    "onShow=fn<bound onShow>",
    "onShown=fn<bound onShown>",
    "onHidden=fn<bound onHidden>",
    " ...",
    ">",
    "
",
    " at <BFormDatepicker",
    "data-testid="datepicker"",
    "date-format-options=",
    {
      "day": "numeric",
      "month": "numeric",
      "year": "numeric",
    },
    "onModelCompat:input=fn",
    " ...",
    ">",
    "
",
    " at <Datepicker",
    "name="expirationDate"",
    "date-format-options=",
    {
      "day": "numeric",
      "month": "numeric",
      "year": "numeric",
    },
    "placeholder="Expiry Date"",
    " ...",
    ">",
    "
",
    " at <BFormGroup>",
    "
",
    " at <Transition",
    "onBeforeEnter=fn<bound onBeforeEnter>",
    "onEnter=fn<bound onEnter>",
    "onAfterEnter=fn<bound onAfterEnter>",
    " ...",
    ">",
    "
",
    " at <BModal",
    "id="revoke-request-modal"",
    "size="lg"",
    "title-class="h5"",
    " ...",
    ">",
    "
",
    " at <RevokeRequestModal",
    "isTesting=true",
    "ref="VTU_COMPONENT"",
    ">",
    "
",
    " at <VTUROOT>",
  ],
  [
    "[Vue warn]: (deprecation ATTR_FALSE_VALUE) Attribute "aria-readonly" with v-bind value \`false\` will render aria-readonly="false" instead of removing it in Vue 3. To remove the attribute, use \`null\` or \`undefined\` instead. If the usage is intended, you can disable the compat behavior and suppress this warning with:

  configureCompat({ ATTR_FALSE_VALUE: false })

  Details: https://v3-migration.vuejs.org/breaking-changes/attribute-coercion.html",
    "
",
    " at <BVFormBtnLabelControl",
    "onShow=fn<bound onShow>",
    "onShown=fn<bound onShown>",
    "onHidden=fn<bound onHidden>",
    " ...",
    ">",
    "
",
    " at <BFormDatepicker",
    "data-testid="datepicker"",
    "date-format-options=",
    {
      "day": "numeric",
      "month": "numeric",
      "year": "numeric",
    },
    "onModelCompat:input=fn",
    " ...",
    ">",
    "
",
    " at <Datepicker",
    "name="expirationDate"",
    "date-format-options=",
    {
      "day": "numeric",
      "month": "numeric",
      "year": "numeric",
    },
    "placeholder="Expiry Date"",
    " ...",
    ">",
    "
",
    " at <BFormGroup>",
    "
",
    " at <Transition",
    "onBeforeEnter=fn<bound onBeforeEnter>",
    "onEnter=fn<bound onEnter>",
    "onAfterEnter=fn<bound onAfterEnter>",
    " ...",
    ">",
    "
",
    " at <BModal",
    "id="revoke-request-modal"",
    "size="lg"",
    "title-class="h5"",
    " ...",
    ">",
    "
",
    " at <RevokeRequestModal",
    "isTesting=true",
    "ref="VTU_COMPONENT"",
    ">",
    "
",
    " at <VTUROOT>",
  ],
  [
    "[Vue warn]: (deprecation INSTANCE_LISTENERS) (5)",
    "
",
    " at <BButton",
    "variant="link"",
    "aria-label="Cancel"",
    "onClick=fn<onClick>",
    ">",
    "
",
    " at <Transition",
    "onBeforeEnter=fn<bound onBeforeEnter>",
    "onEnter=fn<bound onEnter>",
    "onAfterEnter=fn<bound onAfterEnter>",
    " ...",
    ">",
    "
",
    " at <BModal",
    "id="revoke-request-modal"",
    "size="lg"",
    "title-class="h5"",
    " ...",
    ">",
    "
",
    " at <RevokeRequestModal",
    "isTesting=true",
    "ref="VTU_COMPONENT"",
    ">",
    "
",
    " at <VTUROOT>",
  ],
  [
    "[Vue warn]: (deprecation GLOBAL_EXTEND) (6)",
    "
",
    " at <ButtonWithSpinner",
    "data-testid="revoke-request-submit-button"",
    "variant="primary"",
    "button-text="Submit Request"",
    " ...",
    ">",
    "
",
    " at <Transition",
    "onBeforeEnter=fn<bound onBeforeEnter>",
    "onEnter=fn<bound onEnter>",
    "onAfterEnter=fn<bound onAfterEnter>",
    " ...",
    ">",
    "
",
    " at <BModal",
    "id="revoke-request-modal"",
    "size="lg"",
    "title-class="h5"",
    " ...",
    ">",
    "
",
    " at <RevokeRequestModal",
    "isTesting=true",
    "ref="VTU_COMPONENT"",
    ">",
    "
",
    " at <VTUROOT>",
  ],
  [
    "[Vue warn]: (deprecation COMPONENT_FUNCTIONAL) (3)",
    "
",
    " at <ButtonWithSpinner",
    "data-testid="revoke-request-submit-button"",
    "variant="primary"",
    "button-text="Submit Request"",
    " ...",
    ">",
    "
",
    " at <Transition",
    "onBeforeEnter=fn<bound onBeforeEnter>",
    "onEnter=fn<bound onEnter>",
    "onAfterEnter=fn<bound onAfterEnter>",
    " ...",
    ">",
    "
",
    " at <BModal",
    "id="revoke-request-modal"",
    "size="lg"",
    "title-class="h5"",
    " ...",
    ">",
    "
",
    " at <RevokeRequestModal",
    "isTesting=true",
    "ref="VTU_COMPONENT"",
    ">",
    "
",
    " at <VTUROOT>",
  ],
  [
    "[Vue warn]: (deprecation INSTANCE_LISTENERS) (6)",
    "
",
    " at <BVTransition",
    "noFade=false",
    ">",
    "
",
    " at <BModal",
    "id="revoke-request-modal"",
    "size="lg"",
    "title-class="h5"",
    " ...",
    ">",
    "
",
    " at <RevokeRequestModal",
    "isTesting=true",
    "ref="VTU_COMPONENT"",
    ">",
    "
",
    " at <VTUROOT>",
  ],
  [
    "[Vue warn]: (deprecation INSTANCE_EVENT_EMITTER) vm.$on/$once/$off() have been removed. Use an external event emitter library instead.
  Details: https://v3-migration.vuejs.org/breaking-changes/events-api.html",
  ],
  [
    "[Vue warn]: (deprecation CUSTOM_DIR) Custom directive hook "componentUpdated" has been removed. Use "updated" instead.
  Details: https://v3-migration.vuejs.org/breaking-changes/custom-directives.html",
  ],
]
`;
