// Jest Snapshot v1, https://goo.gl/fbAQLP

exports[`Run History Export Buttons component @renders ensures that on mount, the export icon is default: console-warn-snapshot 1`] = `
[
  [
    "[Vue warn]: (deprecation RENDER_FUNCTION) Vue 3's render function API has changed. You can opt-in to the new API with:

  configureCompat({ RENDER_FUNCTION: false })

  (This can also be done per-component via the "compatConfig" option.)
  Details: https://v3-migration.vuejs.org/breaking-changes/render-function-api.html",
    "
",
    " at <VTUROOT>",
  ],
]
`;

exports[`Run History Export Buttons component @renders ensures that when the exportStatus prop equals to "error", that the error icon shows: console-warn-snapshot 1`] = `
[
  [
    "[Vue warn]: (deprecation GLOBAL_EXTEND) (3)",
    "
",
    " at <RunReportBadges",
    "key=0",
    "report-status="error"",
    ">",
    "
",
    " at <RunHistoryExportButtons",
    "exportStatus="error"",
    "ref="VTU_COMPONENT"",
    ">",
    "
",
    " at <VTUROOT>",
  ],
  [
    "[Vue warn]: (deprecation COMPONENT_FUNCTIONAL) (2)",
    "
",
    " at <RunReportBadges",
    "key=0",
    "report-status="error"",
    ">",
    "
",
    " at <RunHistoryExportButtons",
    "exportStatus="error"",
    "ref="VTU_COMPONENT"",
    ">",
    "
",
    " at <VTUROOT>",
  ],
  [
    "[Vue warn]: (deprecation INSTANCE_LISTENERS) (2)",
    "
",
    " at <BBadge",
    "key=3",
    "class="w-100"",
    "data-testid="fr-error-report-badge"",
    " ...",
    ">",
    "
",
    " at <RunReportBadges",
    "key=0",
    "report-status="error"",
    ">",
    "
",
    " at <RunHistoryExportButtons",
    "exportStatus="error"",
    "ref="VTU_COMPONENT"",
    ">",
    "
",
    " at <VTUROOT>",
  ],
]
`;

exports[`Run History Export Buttons component @renders ensures that when the exportStatus prop equals to "exporting", that the spinner icon shows: console-warn-snapshot 1`] = `
[
  [
    "[Vue warn]: (deprecation GLOBAL_EXTEND) (2)",
    "
",
    " at <RunHistoryExportButtons",
    "exportStatus="exporting"",
    "ref="VTU_COMPONENT"",
    ">",
    "
",
    " at <VTUROOT>",
  ],
  [
    "[Vue warn]: (deprecation COMPONENT_FUNCTIONAL) Functional component <BSpinner> should be defined as a plain function in Vue 3. The "functional" option has been removed. NOTE: Before migrating to use plain functions for functional components, first make sure that all async components usage have been migrated and its compat behavior has been disabled.
  Details: https://v3-migration.vuejs.org/breaking-changes/functional-components.html",
    "
",
    " at <RunHistoryExportButtons",
    "exportStatus="exporting"",
    "ref="VTU_COMPONENT"",
    ">",
    "
",
    " at <VTUROOT>",
  ],
  [
    "[Vue warn]: (deprecation INSTANCE_LISTENERS) vm.$listeners has been removed. In Vue 3, parent v-on listeners are included in vm.$attrs and it is no longer necessary to separately use v-on="$listeners" if you are already using v-bind="$attrs". (Note: the Vue 3 behavior only applies if this compat config is disabled)
  Details: https://v3-migration.vuejs.org/breaking-changes/listeners-removed.html",
    "
",
    " at <BSpinner",
    "key=1",
    "class="mr-1"",
    "data-testid="fr-export-button-spinner"",
    " ...",
    ">",
    "
",
    " at <RunHistoryExportButtons",
    "exportStatus="exporting"",
    "ref="VTU_COMPONENT"",
    ">",
    "
",
    " at <VTUROOT>",
  ],
]
`;
