// Jest Snapshot v1, https://goo.gl/fbAQLP

exports[`AssignTask.vue Emits assignTask object: console-warn-snapshot 1`] = `
[
  [
    "[Vue warn]: (deprecation RENDER_FUNCTION) Vue 3's render function API has changed. You can opt-in to the new API with:

  configureCompat({ RENDER_FUNCTION: false })

  (This can also be done per-component via the "compatConfig" option.)
  Details: https://v3-migration.vuejs.org/breaking-changes/render-function-api.html",
    "
",
    " at <VTUROOT>",
  ],
  [
    "[Vue warn]: (deprecation GLOBAL_EXTEND) (2)",
    "
",
    " at <AssignTask",
    "taskDefinition=",
    {
      "task": {
        "_id": 123,
        "usersToAssign": [
          {
            "displayableName": "John",
            "username": "John90210",
          },
        ],
        "variables": {
          "123": "myVariables",
        },
      },
    },
    "shown=false",
    "ref="VTU_COMPONENT"",
    ">",
    "
",
    " at <VTUROOT>",
  ],
  [
    "[Vue warn]: (deprecation ATTR_FALSE_VALUE) Attribute "overlay" with v-bind value \`false\` will render overlay="false" instead of removing it in Vue 3. To remove the attribute, use \`null\` or \`undefined\` instead. If the usage is intended, you can disable the compat behavior and suppress this warning with:

  configureCompat({ ATTR_FALSE_VALUE: false })

  Details: https://v3-migration.vuejs.org/breaking-changes/attribute-coercion.html",
    "
",
    " at <BCardBody",
    "class="pt-3"",
    ">",
    "
",
    " at <AssignTask",
    "taskDefinition=",
    {
      "task": {
        "_id": 123,
        "usersToAssign": [
          {
            "displayableName": "John",
            "username": "John90210",
          },
        ],
        "variables": {
          "123": "myVariables",
        },
      },
    },
    "shown=false",
    "ref="VTU_COMPONENT"",
    ">",
    "
",
    " at <VTUROOT>",
  ],
]
`;
